Component: ARM Compiler 5.06 update 6 (build 750) Tool: armlink [4d35ed]

==============================================================================

Section Cross References

    main.o(i.TIM2_IRQHandler) refers to stepmotor.o(i.sensor_read) for sensor_read
    main.o(i.TIM2_IRQHandler) refers to queue.o(i.xQueueGiveFromISR) for xQueueGiveFromISR
    main.o(i.TIM2_IRQHandler) refers to main.o(.data) for xHigherPriorityTaskWoken
    main.o(i.USART1_IRQHandler) refers to utils.o(i.convertFrom8to32) for convertFrom8to32
    main.o(i.USART1_IRQHandler) refers to crc.o(i.crc_calc) for crc_calc
    main.o(i.USART1_IRQHandler) refers to usart.o(i.usart_send_data) for usart_send_data
    main.o(i.USART1_IRQHandler) refers to queue.o(i.xQueueGiveFromISR) for xQueueGiveFromISR
    main.o(i.USART1_IRQHandler) refers to main.o(.data) for xHigherPriorityTaskWoken
    main.o(i.USART1_IRQHandler) refers to main.o(.bss) for packet_rx
    main.o(i.main) refers to main.o(i.rcc_init) for rcc_init
    main.o(i.main) refers to led.o(i.led_init) for led_init
    main.o(i.main) refers to usart.o(i.usart1_init) for usart1_init
    main.o(i.main) refers to crc.o(i.crc32_init) for crc32_init
    main.o(i.main) refers to io.o(i.IO_Init) for IO_Init
    main.o(i.main) refers to stepmotor.o(i.Stepper_Init) for Stepper_Init
    main.o(i.main) refers to timer.o(i.timer2_init) for timer2_init
    main.o(i.main) refers to timer.o(i.timer4_pwm_init) for timer4_pwm_init
    main.o(i.main) refers to tasks.o(i.xTaskCreate) for xTaskCreate
    main.o(i.main) refers to tasks.o(i.vTaskStartScheduler) for vTaskStartScheduler
    main.o(i.main) refers to main.o(.data) for hReadSemaphore
    main.o(i.main) refers to main.o(i.vReadSemaphore) for vReadSemaphore
    main.o(i.main) refers to main.o(i.vBootLoader) for vBootLoader
    main.o(i.main) refers to main.o(i.vBlinkerBootLoader) for vBlinkerBootLoader
    main.o(i.main) refers to main.o(i.vBlinker) for vBlinker
    main.o(i.main) refers to main.o(i.vSender) for vSender
    main.o(i.vApplicationIdleHook) refers to tasks.o(i.xTaskGetTickCount) for xTaskGetTickCount
    main.o(i.vApplicationIdleHook) refers to main.o(.data) for count
    main.o(i.vBlinker) refers to tasks.o(i.vTaskDelay) for vTaskDelay
    main.o(i.vBlinkerBootLoader) refers to tasks.o(i.vTaskDelay) for vTaskDelay
    main.o(i.vBootLoader) refers to tasks.o(i.vTaskSuspend) for vTaskSuspend
    main.o(i.vBootLoader) refers to stepmotor.o(i.st_Rotate) for st_Rotate
    main.o(i.vBootLoader) refers to tasks.o(i.vTaskDelay) for vTaskDelay
    main.o(i.vBootLoader) refers to usart.o(i.usart_send_data) for usart_send_data
    main.o(i.vBootLoader) refers to stepmotor.o(i.servo_Rotate) for servo_Rotate
    main.o(i.vBootLoader) refers to tasks.o(i.vTaskResume) for vTaskResume
    main.o(i.vBootLoader) refers to main.o(.data) for hBlinker
    main.o(i.vReadSemaphore) refers to queue.o(i.xQueueGenericReceive) for xQueueGenericReceive
    main.o(i.vReadSemaphore) refers to usart.o(i.usart_send_data) for usart_send_data
    main.o(i.vReadSemaphore) refers to tasks.o(i.vTaskDelay) for vTaskDelay
    main.o(i.vReadSemaphore) refers to main.o(.data) for OK_Motor1
    main.o(i.vSender) refers to queue.o(i.xQueueGenericCreate) for xQueueGenericCreate
    main.o(i.vSender) refers to queue.o(i.xQueueGenericReceive) for xQueueGenericReceive
    main.o(i.vSender) refers to utils.o(i.convertFrom8to16) for convertFrom8to16
    main.o(i.vSender) refers to queue.o(i.xQueueGenericSend) for xQueueGenericSend
    main.o(i.vSender) refers to usart.o(i.usart_send_string) for usart_send_string
    main.o(i.vSender) refers to main.o(.data) for ISRFromUSARTHandle
    main.o(i.vSender) refers to main.o(.bss) for packet_rx
    timer.o(i.timer2_init) refers to timer.o(i.NVIC_SetPriority) for NVIC_SetPriority
    timer.o(i.timer3_init) refers to timer.o(i.NVIC_SetPriority) for NVIC_SetPriority
    usart.o(i.usart1_init) refers to usart.o(i.NVIC_SetPriority) for NVIC_SetPriority
    usart.o(i.usart1_init) refers to usart.o(i.NVIC_EnableIRQ) for NVIC_EnableIRQ
    usart.o(i.usart2_init) refers to usart.o(i.NVIC_SetPriority) for NVIC_SetPriority
    usart.o(i.usart2_init) refers to usart.o(i.NVIC_EnableIRQ) for NVIC_EnableIRQ
    usart.o(i.usart_send_string) refers to usart.o(i.usart_send) for usart_send
    io.o(i.IO_ConfigLine) refers to io.o(.constdata) for IOs
    io.o(i.IO_GetLine) refers to io.o(.constdata) for IOs
    io.o(i.IO_Init) refers to io.o(i.IO_ConfigLine) for IO_ConfigLine
    io.o(i.IO_Init) refers to io.o(.constdata) for IOs
    io.o(i.IO_SetLine) refers to io.o(.constdata) for IOs
    stepmotor.o(i.SendQueueValue) refers to queue.o(i.xQueueGenericSend) for xQueueGenericSend
    stepmotor.o(i.SendQueueValue) refers to usart.o(i.usart_send_data) for usart_send_data
    stepmotor.o(i.Stepper_Init) refers to tasks.o(i.xTaskCreate) for xTaskCreate
    stepmotor.o(i.Stepper_Init) refers to queue.o(i.xQueueGenericCreate) for xQueueGenericCreate
[...]
    rtexit.o(.ARM.exidx) refers (Special) to rtexit2.o(.ARM.Collect$$rtexit$$00000004) for __rt_exit_exit
    rtexit.o(.ARM.exidx) refers (Special) to rtexit2.o(.ARM.Collect$$rtexit$$00000003) for __rt_exit_ls
    rtexit.o(.ARM.exidx) refers (Special) to rtexit2.o(.ARM.Collect$$rtexit$$00000002) for __rt_exit_prels_1
    rtexit.o(.ARM.exidx) refers to rtexit.o(.ARM.Collect$$rtexit$$00000000) for .ARM.Collect$$rtexit$$00000000
    libinit2.o(.ARM.Collect$$libinit$$00000001) refers to fpinit.o(x$fpl$fpinit) for _fp_init
    libinit2.o(.ARM.Collect$$libinit$$00000010) refers to libinit2.o(.ARM.Collect$$libinit$$0000000F) for .ARM.Collect$$libinit$$0000000F
    libinit2.o(.ARM.Collect$$libinit$$00000012) refers to libinit2.o(.ARM.Collect$$libinit$$0000000F) for .ARM.Collect$$libinit$$0000000F
    libinit2.o(.ARM.Collect$$libinit$$00000014) refers to libinit2.o(.ARM.Collect$$libinit$$0000000F) for .ARM.Collect$$libinit$$0000000F
    libinit2.o(.ARM.Collect$$libinit$$00000016) refers to libinit2.o(.ARM.Collect$$libinit$$0000000F) for .ARM.Collect$$libinit$$0000000F
    libinit2.o(.ARM.Collect$$libinit$$00000018) refers to libinit2.o(.ARM.Collect$$libinit$$0000000F) for .ARM.Collect$$libinit$$0000000F
    libinit2.o(.ARM.Collect$$libinit$$00000026) refers to argv_veneer.o(.emb_text) for __ARM_argv_veneer
    libinit2.o(.ARM.Collect$$libinit$$00000027) refers to argv_veneer.o(.emb_text) for __ARM_argv_veneer
    rtexit2.o(.ARM.Collect$$rtexit$$00000003) refers to libshutdown.o(.ARM.Collect$$libshutdown$$00000000) for __rt_lib_shutdown
    rtexit2.o(.ARM.Collect$$rtexit$$00000004) refers to sys_exit.o(.text) for _sys_exit
    rtexit2.o(.ARM.exidx) refers to rtexit2.o(.ARM.Collect$$rtexit$$00000001) for .ARM.Collect$$rtexit$$00000001
    rtexit2.o(.ARM.exidx) refers to rtexit2.o(.ARM.Collect$$rtexit$$00000003) for .ARM.Collect$$rtexit$$00000003
    rtexit2.o(.ARM.exidx) refers to rtexit2.o(.ARM.Collect$$rtexit$$00000004) for .ARM.Collect$$rtexit$$00000004
    argv_veneer.o(.emb_text) refers to no_argv.o(.text) for __ARM_get_argv
    sys_exit.o(.text) refers (Special) to use_no_semi.o(.text) for __I$use$semihosting
    sys_exit.o(.text) refers (Special) to indicate_semi.o(.text) for __semihosting_library_function
    _get_argv_nomalloc.o(.text) refers (Special) to hrguard.o(.text) for __heap_region$guard
    _get_argv_nomalloc.o(.text) refers to defsig_rtmem_outer.o(.text) for __rt_SIGRTMEM
    _get_argv_nomalloc.o(.text) refers to sys_command.o(.text) for _sys_command_string
    libshutdown.o(.ARM.Collect$$libshutdown$$00000000) refers (Special) to libshutdown2.o(.ARM.Collect$$libshutdown$$00000002) for __rt_lib_shutdown_cpp_1
    libshutdown.o(.ARM.Collect$$libshutdown$$00000000) refers (Special) to libshutdown2.o(.ARM.Collect$$libshutdown$$00000007) for __rt_lib_shutdown_fp_trap_1
    libshutdown.o(.ARM.Collect$$libshutdown$$00000000) refers (Special) to libshutdown2.o(.ARM.Collect$$libshutdown$$0000000F) for __rt_lib_shutdown_heap_1
    libshutdown.o(.ARM.Collect$$libshutdown$$00000000) refers (Special) to libshutdown2.o(.ARM.Collect$$libshutdown$$00000010) for __rt_lib_shutdown_return
    libshutdown.o(.ARM.Collect$$libshutdown$$00000000) refers (Special) to libshutdown2.o(.ARM.Collect$$libshutdown$$0000000A) for __rt_lib_shutdown_signal_1
    libshutdown.o(.ARM.Collect$$libshutdown$$00000000) refers (Special) to libshutdown2.o(.ARM.Collect$$libshutdown$$00000004) for __rt_lib_shutdown_stdio_1
    libshutdown.o(.ARM.Collect$$libshutdown$$00000000) refers (Special) to libshutdown2.o(.ARM.Collect$$libshutdown$$0000000C) for __rt_lib_shutdown_user_alloc_1
    sys_command.o(.text) refers (Special) to use_no_semi.o(.text) for __I$use$semihosting
    sys_command.o(.text) refers (Special) to indicate_semi.o(.text) for __semihosting_library_function
    defsig_rtmem_outer.o(.text) refers to defsig_rtmem_inner.o(.text) for __rt_SIGRTMEM_inner
    defsig_rtmem_outer.o(.text) refers to defsig_exit.o(.text) for __sig_exit
    defsig_rtmem_formal.o(.text) refers to rt_raise.o(.text) for __rt_raise
    rt_raise.o(.text) refers to __raise.o(.text) for __raise
    rt_raise.o(.text) refers to sys_exit.o(.text) for _sys_exit
    defsig_exit.o(.text) refers to sys_exit.o(.text) for _sys_exit
    defsig_rtmem_inner.o(.text) refers to defsig_general.o(.text) for __default_signal_display
    __raise.o(.text) refers to defsig.o(CL$$defsig) for __default_signal_handler
    defsig_general.o(.text) refers to sys_wrch.o(.text) for _ttywrch
    sys_wrch.o(.text) refers (Special) to use_no_semi.o(.text) for __I$use$semihosting
    sys_wrch.o(.text) refers (Special) to indicate_semi.o(.text) for __semihosting_library_function
    defsig.o(CL$$defsig) refers to defsig_rtmem_inner.o(.text) for __rt_SIGRTMEM_inner
    defsig_abrt_inner.o(.text) refers to defsig_general.o(.text) for __default_signal_display
    defsig_fpe_inner.o(.text) refers to defsig_general.o(.text) for __default_signal_display
    defsig_rtred_inner.o(.text) refers to defsig_general.o(.text) for __default_signal_display
    defsig_stak_inner.o(.text) refers to defsig_general.o(.text) for __default_signal_display
    defsig_pvfn_inner.o(.text) refers to defsig_general.o(.text) for __default_signal_display
    defsig_cppl_inner.o(.text) refers to defsig_general.o(.text) for __default_signal_display
    defsig_segv_inner.o(.text) refers to defsig_general.o(.text) for __default_signal_display
    defsig_other.o(.text) refers to defsig_general.o(.text) for __default_signal_display


==============================================================================

Removing Unused input sections from the image.

    Removing led.o(.rev16_text), (4 bytes).
    Removing led.o(.revsh_text), (4 bytes).
    Removing led.o(.rrx_text), (6 bytes).
    Removing led.o(i.led_blink), (44 bytes).
    Removing main.o(.rev16_text), (4 bytes).
    Removing main.o(.revsh_text), (4 bytes).
    Removing main.o(.rrx_text), (6 bytes).
    Removing timer.o(.rev16_text), (4 bytes).
    Removing timer.o(.revsh_text), (4 bytes).
    Removing timer.o(.rrx_text), (6 bytes).
    Removing timer.o(i.timer3_init), (88 bytes).
    Removing usart.o(.rev16_text), (4 bytes).
    Removing usart.o(.revsh_text), (4 bytes).
    Removing usart.o(.rrx_text), (6 bytes).
    Removing usart.o(i.usart2_init), (196 bytes).
    Removing utils.o(.rev16_text), (4 bytes).
    Removing utils.o(.revsh_text), (4 bytes).
    Removing utils.o(.rrx_text), (6 bytes).
    Removing utils.o(i.button_init), (88 bytes).
    Removing io.o(.rev16_text), (4 bytes).
    Removing io.o(.revsh_text), (4 bytes).
    Removing io.o(.rrx_text), (6 bytes).
    Removing stepmotor.o(.rev16_text), (4 bytes).
    Removing stepmotor.o(.revsh_text), (4 bytes).
    Removing stepmotor.o(.rrx_text), (6 bytes).
    Removing crc.o(.rev16_text), (4 bytes).
    Removing crc.o(.revsh_text), (4 bytes).
    Removing crc.o(.rrx_text), (6 bytes).
    Removing system_stm32f30x.o(.rev16_text), (4 bytes).
    Removing system_stm32f30x.o(.revsh_text), (4 bytes).
    Removing system_stm32f30x.o(.rrx_text), (6 bytes).
    Removing system_stm32f30x.o(i.SystemCoreClockUpdate), (160 bytes).
    Removing system_stm32f30x.o(.data), (20 bytes).
    Removing event_groups.o(i.prvTestWaitCondition), (30 bytes).
    Removing event_groups.o(i.vEventGroupClearBitsCallback), (16 bytes).
    Removing event_groups.o(i.vEventGroupDelete), (42 bytes).
    Removing event_groups.o(i.vEventGroupSetBitsCallback), (16 bytes).
    Removing event_groups.o(i.xEventGroupClearBits), (32 bytes).
    Removing event_groups.o(i.xEventGroupCreate), (26 bytes).
    Removing event_groups.o(i.xEventGroupGetBitsFromISR), (44 bytes).
    Removing event_groups.o(i.xEventGroupSetBits), (146 bytes).
    Removing event_groups.o(i.xEventGroupSync), (164 bytes).
    Removing event_groups.o(i.xEventGroupWaitBits), (200 bytes).
    Removing heap_1.o(i.vPortInitialiseBlocks), (12 bytes).
    Removing heap_1.o(i.xPortGetFreeHeapSize), (16 bytes).
    Removing port.o(i.vPortEndScheduler), (2 bytes).
    Removing queue.o(i.prvInitialiseMutex), (28 bytes).
    Removing queue.o(i.uxQueueMessagesWaiting), (18 bytes).
    Removing queue.o(i.uxQueueMessagesWaitingFromISR), (6 bytes).
    Removing queue.o(i.uxQueueSpacesAvailable), (24 bytes).
    Removing queue.o(i.vQueueDelete), (14 bytes).
    Removing queue.o(i.xQueueCreateMutex), (34 bytes).
    Removing queue.o(i.xQueueGenericSendFromISR), (134 bytes).
    Removing queue.o(i.xQueueIsQueueEmptyFromISR), (14 bytes).
    Removing queue.o(i.xQueueIsQueueFullFromISR), (18 bytes).
    Removing queue.o(i.xQueuePeekFromISR), (74 bytes).
    Removing queue.o(i.xQueueReceiveFromISR), (130 bytes).
    Removing tasks.o(i.pcTaskGetName), (24 bytes).
    Removing tasks.o(i.ulTaskNotifyTake), (116 bytes).
    Removing tasks.o(i.uxTaskGetNumberOfTasks), (12 bytes).
    Removing tasks.o(i.uxTaskPriorityGet), (36 bytes).
    Removing tasks.o(i.uxTaskPriorityGetFromISR), (56 bytes).
    Removing tasks.o(i.uxTaskResetEventItemValue), (28 bytes).
    Removing tasks.o(i.vTaskDelayUntil), (116 bytes).
    Removing tasks.o(i.vTaskDelete), (204 bytes).
    Removing tasks.o(i.vTaskEndScheduler), (36 bytes).
    Removing tasks.o(i.vTaskNotifyGiveFromISR), (180 bytes).
    Removing tasks.o(i.vTaskPlaceOnUnorderedEventList), (44 bytes).
    Removing tasks.o(i.vTaskPrioritySet), (244 bytes).
    Removing tasks.o(i.xTaskGenericNotify), (196 bytes).
    Removing tasks.o(i.xTaskGenericNotifyFromISR), (252 bytes).
    Removing tasks.o(i.xTaskGetCurrentTaskHandle), (12 bytes).
    Removing tasks.o(i.xTaskGetTickCountFromISR), (12 bytes).
    Removing tasks.o(i.xTaskNotifyStateClear), (52 bytes).
    Removing tasks.o(i.xTaskNotifyWait), (160 bytes).
    Removing tasks.o(i.xTaskRemoveFromUnorderedEventList), (112 bytes).
    Removing tasks.o(i.xTaskResumeFromISR), (152 bytes).

77 unused section(s) (total 4006 bytes) removed from the image.

==============================================================================

Image Symbol Table

    Local Symbols

    Symbol Name                              Value     Ov Type        Size  Object(Section)

    ../clib/angel/boardlib.s                 0x00000000   Number         0  boardinit2.o ABSOLUTE
    ../clib/angel/boardlib.s                 0x00000000   Number         0  boardinit3.o ABSOLUTE
    ../clib/angel/boardlib.s                 0x00000000   Number         0  boardinit1.o ABSOLUTE
    ../clib/angel/boardlib.s                 0x00000000   Number         0  boardshut.o ABSOLUTE
    ../clib/angel/handlers.s                 0x00000000   Number         0  __scatter_zi.o ABSOLUTE
    ../clib/angel/handlers.s                 0x00000000   Number         0  __scatter_copy.o ABSOLUTE
    ../clib/angel/kernel.s                   0x00000000   Number         0  rtexit2.o ABSOLUTE
    ../clib/angel/kernel.s                   0x00000000   Number         0  __rtentry.o ABSOLUTE
    ../clib/angel/kernel.s                   0x00000000   Number         0  __rtentry2.o ABSOLUTE
    ../clib/angel/kernel.s                   0x00000000   Number         0  __rtentry4.o ABSOLUTE
    ../clib/angel/kernel.s                   0x00000000   Number         0  rtexit.o ABSOLUTE
    ../clib/angel/rt.s                       0x00000000   Number         0  rt_raise.o ABSOLUTE
    ../clib/angel/scatter.s                  0x00000000   Number         0  __scatter.o ABSOLUTE
    ../clib/angel/startup.s                  0x00000000   Number         0  __main.o ABSOLUTE
    ../clib/angel/sys.s                      0x00000000   Number         0  indicate_semi.o ABSOLUTE
    ../clib/angel/sys.s                      0x00000000   Number         0  sys_stackheap_outer.o ABSOLUTE
    ../clib/angel/sys.s                      0x00000000   Number         0  libspace.o ABSOLUTE
    ../clib/angel/sys.s                      0x00000000   Number         0  use_no_semi.o ABSOLUTE
    ../clib/angel/sysapp.c                   0x00000000   Number         0  sys_command.o ABSOLUTE
    ../clib/angel/sysapp.c                   0x00000000   Number         0  sys_exit.o ABSOLUTE
    ../clib/angel/sysapp.c                   0x00000000   Number         0  sys_wrch.o ABSOLUTE
    ../clib/armsys.c                         0x00000000   Number         0  argv_veneer.o ABSOLUTE
    ../clib/armsys.c                         0x00000000   Number         0  argv_veneer.o ABSOLUTE
    ../clib/armsys.c                         0x00000000   Number         0  _get_argv_nomalloc.o ABSOLUTE
    ../clib/armsys.c                         0x00000000   Number         0  no_argv.o ABSOLUTE
    ../clib/heapalloc.c                      0x00000000   Number         0  hrguard.o ABSOLUTE
    ../clib/heapaux.c                        0x00000000   Number         0  heapauxi.o ABSOLUTE
    ../clib/libinit.s                        0x00000000   Number         0  libshutdown.o ABSOLUTE
    ../clib/libinit.s                        0x00000000   Number         0  libinit.o ABSOLUTE
    ../clib/libinit.s                        0x00000000   Number         0  libinit2.o ABSOLUTE
    ../clib/libinit.s                        0x00000000   Number         0  libshutdown2.o ABSOLUTE
    ../clib/memcpset.s                       0x00000000   Number         0  rt_memcpy_v6.o ABSOLUTE
    ../clib/memcpset.s                       0x00000000   Number         0  rt_memcpy_w.o ABSOLUTE
    ../clib/signal.c                         0x00000000   Number         0  defsig_exit.o ABSOLUTE
    ../clib/signal.c                         0x00000000   Number         0  defsig_segv_inner.o ABSOLUTE
    ../clib/signal.c                         0x00000000   Number         0  defsig_other.o ABSOLUTE
    ../clib/signal.c                         0x00000000   Number         0  defsig_cppl_inner.o ABSOLUTE
    ../clib/signal.c                         0x00000000   Number         0  defsig_pvfn_inner.o ABSOLUTE
    ../clib/signal.c                         0x00000000   Number         0  defsig_stak_inner.o ABSOLUTE
    ../clib/signal.c                         0x00000000   Number         0  defsig_rtred_inner.o ABSOLUTE
    ../clib/signal.c                         0x00000000   Number         0  defsig_fpe_inner.o ABSOLUTE
    ../clib/signal.c                         0x00000000   Number         0  defsig_rtmem_outer.o ABSOLUTE
    ../clib/signal.c                         0x00000000   Number         0  defsig_abrt_inner.o ABSOLUTE
    ../clib/signal.c                         0x00000000   Number         0  defsig_general.o ABSOLUTE
    ../clib/signal.c                         0x00000000   Number         0  __raise.o ABSOLUTE
    ../clib/signal.c                         0x00000000   Number         0  defsig_rtmem_inner.o ABSOLUTE
    ../clib/signal.c                         0x00000000   Number         0  defsig_rtmem_formal.o ABSOLUTE
    ../clib/signal.s                         0x00000000   Number         0  defsig.o ABSOLUTE
    ../clib/stdlib.c                         0x00000000   Number         0  exit.o ABSOLUTE
    ../fplib/fpinit.s                        0x00000000   Number         0  fpinit.o ABSOLUTE
    CMSIS\\src\\system_stm32f30x.c           0x00000000   Number         0  system_stm32f30x.o ABSOLUTE
    CMSIS\src\core_cm4.c                     0x00000000   Number         0  core_cm4.o ABSOLUTE
    CMSIS\src\system_stm32f30x.c             0x00000000   Number         0  system_stm32f30x.o ABSOLUTE
    Code\\src\\crc.c                         0x00000000   Number         0  crc.o ABSOLUTE
    Code\\src\\io.c                          0x00000000   Number         0  io.o ABSOLUTE
    Code\\src\\led.c                         0x00000000   Number         0  led.o ABSOLUTE
    Code\\src\\main.c                        0x00000000   Number         0  main.o ABSOLUTE
    Code\\src\\stepmotor.c                   0x00000000   Number         0  stepmotor.o ABSOLUTE
    Code\\src\\timer.c                       0x00000000   Number         0  timer.o ABSOLUTE
    Code\\src\\usart.c                       0x00000000   Number         0  usart.o ABSOLUTE
    Code\\src\\utils.c                       0x00000000   Number         0  utils.o ABSOLUTE
    Code\src\crc.c                           0x00000000   Number         0  crc.o ABSOLUTE
    Code\src\io.c                            0x00000000   Number         0  io.o ABSOLUTE
    Code\src\led.c                           0x00000000   Number         0  led.o ABSOLUTE
    Code\src\main.c                          0x00000000   Number         0  main.o ABSOLUTE
    Code\src\stepmotor.c                     0x00000000   Number         0  stepmotor.o ABSOLUTE
    Code\src\timer.c                         0x00000000   Number         0  timer.o ABSOLUTE
    Code\src\usart.c                         0x00000000   Number         0  usart.o ABSOLUTE
    Code\src\utils.c                         0x00000000   Number         0  utils.o ABSOLUTE
    FreeRTOS\\src\\port.c                    0x00000000   Number         0  port.o ABSOLUTE
    FreeRTOS\src\croutine.c                  0x00000000   Number         0  croutine.o ABSOLUTE
    FreeRTOS\src\event_groups.c              0x00000000   Number         0  event_groups.o ABSOLUTE
    FreeRTOS\src\heap_1.c                    0x00000000   Number         0  heap_1.o ABSOLUTE
    FreeRTOS\src\list.c                      0x00000000   Number         0  list.o ABSOLUTE
    FreeRTOS\src\port.c                      0x00000000   Number         0  port.o ABSOLUTE
    FreeRTOS\src\queue.c                     0x00000000   Number         0  queue.o ABSOLUTE
    FreeRTOS\src\tasks.c                     0x00000000   Number         0  tasks.o ABSOLUTE
    FreeRTOS\src\timers.c                    0x00000000   Number         0  timers.o ABSOLUTE
    Startup\startup_stm32f303xc.s            0x00000000   Number         0  startup_stm32f303xc.o ABSOLUTE
    dc.s                                     0x00000000   Number         0  dc.o ABSOLUTE
    RESET                                    0x08000000   Section      392  startup_stm32f303xc.o(RESET)
    !!!main                                  0x08000188   Section        8  __main.o(!!!main)
    !!!scatter                               0x08000190   Section       52  __scatter.o(!!!scatter)
    !!handler_copy                           0x080001c4   Section       26  __scatter_copy.o(!!handler_copy)
    !!handler_zi                             0x080001e0   Section       28  __scatter_zi.o(!!handler_zi)
    .ARM.Collect$$libinit$$00000000          0x080001fc   Section        2  libinit.o(.ARM.Collect$$libinit$$00000000)
    .ARM.Collect$$libinit$$00000001          0x080001fe   Section        4  libinit2.o(.ARM.Collect$$libinit$$00000001)
    .ARM.Collect$$libinit$$00000004          0x08000202   Section        0  libinit2.o(.ARM.Collect$$libinit$$00000004)
    .ARM.Collect$$libinit$$0000000A          0x08000202   Section        0  libinit2.o(.ARM.Collect$$libinit$$0000000A)
    .ARM.Collect$$libinit$$0000000C          0x08000202   Section        0  libinit2.o(.ARM.Collect$$libinit$$0000000C)
    .ARM.Collect$$libinit$$0000000E          0x08000202   Section        0  libinit2.o(.ARM.Collect$$libinit$$0000000E)
    .ARM.Collect$$libinit$$00000011          0x08000202   Section        0  libinit2.o(.ARM.Collect$$libinit$$00000011)
    .ARM.Collect$$libinit$$00000013          0x08000202   Section        0  libinit2.o(.ARM.Collect$$libinit$$00000013)
    .ARM.Collect$$libinit$$00000015          0x08000202   Section        0  libinit2.o(.ARM.Collect$$libinit$$00000015)
    .ARM.Collect$$libinit$$00000017          0x08000202   Section        0  libinit2.o(.ARM.Collect$$libinit$$00000017)
    .ARM.Collect$$libinit$$00000019          0x08000202   Section        0  libinit2.o(.ARM.Collect$$libinit$$00000019)
    .ARM.Collect$$libinit$$0000001B          0x08000202   Section        0  libinit2.o(.ARM.Collect$$libinit$$0000001B)
    .ARM.Collect$$libinit$$0000001D          0x08000202   Section        0  libinit2.o(.ARM.Collect$$libinit$$0000001D)
    .ARM.Collect$$libinit$$0000001F          0x08000202   Section        0  libinit2.o(.ARM.Collect$$libinit$$0000001F)
    .ARM.Collect$$libinit$$00000021          0x08000202   Section        0  libinit2.o(.ARM.Collect$$libinit$$00000021)
    .ARM.Collect$$libinit$$00000023          0x08000202   Section        0  libinit2.o(.ARM.Collect$$libinit$$00000023)
    .ARM.Collect$$libinit$$00000025          0x08000202   Section        0  libinit2.o(.ARM.Collect$$libinit$$00000025)
    .ARM.Collect$$libinit$$0000002C          0x08000202   Section        0  libinit2.o(.ARM.Collect$$libinit$$0000002C)
    .ARM.Collect$$libinit$$0000002E          0x08000202   Section        0  libinit2.o(.ARM.Collect$$libinit$$0000002E)
    .ARM.Collect$$libinit$$00000030          0x08000202   Section        0  libinit2.o(.ARM.Collect$$libinit$$00000030)
    .ARM.Collect$$libinit$$00000032          0x08000202   Section        0  libinit2.o(.ARM.Collect$$libinit$$00000032)
    .ARM.Collect$$libinit$$00000033          0x08000202   Section        2  libinit2.o(.ARM.Collect$$libinit$$00000033)
    .ARM.Collect$$libshutdown$$00000000      0x08000204   Section        2  libshutdown.o(.ARM.Collect$$libshutdown$$00000000)
    .ARM.Collect$$libshutdown$$00000002      0x08000206   Section        0  libshutdown2.o(.ARM.Collect$$libshutdown$$00000002)
    .ARM.Collect$$libshutdown$$00000004      0x08000206   Section        0  libshutdown2.o(.ARM.Collect$$libshutdown$$00000004)
    .ARM.Collect$$libshutdown$$00000007      0x08000206   Section        0  libshutdown2.o(.ARM.Collect$$libshutdown$$00000007)
    .ARM.Collect$$libshutdown$$0000000A      0x08000206   Section        0  libshutdown2.o(.ARM.Collect$$libshutdown$$0000000A)
    .ARM.Collect$$libshutdown$$0000000C      0x08000206   Section        0  libshutdown2.o(.ARM.Collect$$libshutdown$$0000000C)
    .ARM.Collect$$libshutdown$$0000000F      0x08000206   Section        0  libshutdown2.o(.ARM.Collect$$libshutdown$$0000000F)
    .ARM.Collect$$libshutdown$$00000010      0x08000206   Section        2  libshutdown2.o(.ARM.Collect$$libshutdown$$00000010)
    .ARM.Collect$$rtentry$$00000000          0x08000208   Section        0  __rtentry.o(.ARM.Collect$$rtentry$$00000000)
    .ARM.Collect$$rtentry$$00000002          0x08000208   Section        0  __rtentry2.o(.ARM.Collect$$rtentry$$00000002)
    .ARM.Collect$$rtentry$$00000004          0x08000208   Section        6  __rtentry4.o(.ARM.Collect$$rtentry$$00000004)
    .ARM.Collect$$rtentry$$00000009          0x0800020e   Section        0  __rtentry2.o(.ARM.Collect$$rtentry$$00000009)
    .ARM.Collect$$rtentry$$0000000A          0x0800020e   Section        4  __rtentry2.o(.ARM.Collect$$rtentry$$0000000A)
    .ARM.Collect$$rtentry$$0000000C          0x08000212   Section        0  __rtentry2.o(.ARM.Collect$$rtentry$$0000000C)
    .ARM.Collect$$rtentry$$0000000D          0x08000212   Section        8  __rtentry2.o(.ARM.Collect$$rtentry$$0000000D)
    .ARM.Collect$$rtexit$$00000000           0x0800021a   Section        2  rtexit.o(.ARM.Collect$$rtexit$$00000000)
    .ARM.Collect$$rtexit$$00000002           0x0800021c   Section        0  rtexit2.o(.ARM.Collect$$rtexit$$00000002)
    .ARM.Collect$$rtexit$$00000003           0x0800021c   Section        4  rtexit2.o(.ARM.Collect$$rtexit$$00000003)
    .ARM.Collect$$rtexit$$00000004           0x08000220   Section        6  rtexit2.o(.ARM.Collect$$rtexit$$00000004)
    .emb_text                                0x08000228   Section      182  port.o(.emb_text)
    $v0                                      0x08000228   Number         0  port.o(.emb_text)
    .text                                    0x080002e0   Section       64  startup_stm32f303xc.o(.text)
    $v0                                      0x080002e0   Number         0  startup_stm32f303xc.o(.text)
    .text                                    0x08000320   Section      138  rt_memcpy_v6.o(.text)
    .text                                    0x080003aa   Section        0  heapauxi.o(.text)
    .text                                    0x080003b0   Section      100  rt_memcpy_w.o(.text)
    .text                                    0x08000414   Section       74  sys_stackheap_outer.o(.text)
    .text                                    0x0800045e   Section        0  exit.o(.text)
    .text                                    0x08000470   Section        8  libspace.o(.text)
    .text                                    0x08000478   Section        0  sys_exit.o(.text)
    .text                                    0x08000484   Section        2  use_no_semi.o(.text)
    .text                                    0x08000486   Section        0  indicate_semi.o(.text)
    i.IO_ConfigLine                          0x08000488   Section        0  io.o(i.IO_ConfigLine)
    i.IO_GetLine                             0x0800064c   Section        0  io.o(i.IO_GetLine)
    i.IO_Init                                0x08000684   Section        0  io.o(i.IO_Init)
    i.IO_SetLine                             0x0800071c   Section        0  io.o(i.IO_SetLine)
    i.NVIC_EnableIRQ                         0x08000760   Section        0  usart.o(i.NVIC_EnableIRQ)
    NVIC_EnableIRQ                           0x08000761   Thumb Code    22  usart.o(i.NVIC_EnableIRQ)
    i.NVIC_SetPriority                       0x08000778   Section        0  timer.o(i.NVIC_SetPriority)
    NVIC_SetPriority                         0x08000779   Thumb Code    32  timer.o(i.NVIC_SetPriority)
    i.NVIC_SetPriority                       0x080007a0   Section        0  usart.o(i.NVIC_SetPriority)
    NVIC_SetPriority                         0x080007a1   Thumb Code    32  usart.o(i.NVIC_SetPriority)
    i.SendQueueValue                         0x080007c8   Section        0  stepmotor.o(i.SendQueueValue)
    i.SetSysClock                            0x080007e8   Section        0  system_stm32f30x.o(i.SetSysClock)
    SetSysClock                              0x080007e9   Thumb Code   184  system_stm32f30x.o(i.SetSysClock)
    i.Stepper_Init                           0x080008a8   Section        0  stepmotor.o(i.Stepper_Init)
    i.SysTick_Handler                        0x08000a74   Section        0  port.o(i.SysTick_Handler)
    i.SystemInit                             0x08000aa8   Section        0  system_stm32f30x.o(i.SystemInit)
    i.TIM2_IRQHandler                        0x08000b2c   Section        0  main.o(i.TIM2_IRQHandler)
    i.TIM3_IRQHandler                        0x08000be8   Section        0  main.o(i.TIM3_IRQHandler)
    i.USART1_IRQHandler                      0x08000c04   Section        0  main.o(i.USART1_IRQHandler)
    i.convertFrom8to16                       0x08000d18   Section        0  utils.o(i.convertFrom8to16)
    i.convertFrom8to32                       0x08000d20   Section        0  utils.o(i.convertFrom8to32)
    i.crc32_init                             0x08000d38   Section        0  crc.o(i.crc32_init)
    i.crc_calc                               0x08000d70   Section        0  crc.o(i.crc_calc)
    i.led_init                               0x08000da0   Section        0  led.o(i.led_init)
    i.main                                   0x08000de8   Section        0  main.o(i.main)
    i.prvAddCurrentTaskToDelayedList         0x08000f08   Section        0  tasks.o(i.prvAddCurrentTaskToDelayedList)
    prvAddCurrentTaskToDelayedList           0x08000f09   Thumb Code   124  tasks.o(i.prvAddCurrentTaskToDelayedList)
    i.prvAddNewTaskToReadyList               0x08000fa0   Section        0  tasks.o(i.prvAddNewTaskToReadyList)
    prvAddNewTaskToReadyList                 0x08000fa1   Thumb Code   150  tasks.o(i.prvAddNewTaskToReadyList)
    i.prvCheckTasksWaitingTermination        0x08001054   Section        0  tasks.o(i.prvCheckTasksWaitingTermination)
    prvCheckTasksWaitingTermination          0x08001055   Thumb Code    86  tasks.o(i.prvCheckTasksWaitingTermination)
    i.prvCopyDataFromQueue                   0x080010b8   Section        0  queue.o(i.prvCopyDataFromQueue)
    prvCopyDataFromQueue                     0x080010b9   Thumb Code    42  queue.o(i.prvCopyDataFromQueue)
    i.prvCopyDataToQueue                     0x080010e2   Section        0  queue.o(i.prvCopyDataToQueue)
    prvCopyDataToQueue                       0x080010e3   Thumb Code   124  queue.o(i.prvCopyDataToQueue)
    i.prvDeleteTCB                           0x0800115e   Section        0  tasks.o(i.prvDeleteTCB)
    prvDeleteTCB                             0x0800115f   Thumb Code    18  tasks.o(i.prvDeleteTCB)
    i.prvIdleTask                            0x08001170   Section        0  tasks.o(i.prvIdleTask)
    prvIdleTask                              0x08001171   Thumb Code    36  tasks.o(i.prvIdleTask)
    i.prvInitialiseNewQueue                  0x0800119c   Section        0  queue.o(i.prvInitialiseNewQueue)
    prvInitialiseNewQueue                    0x0800119d   Thumb Code    38  queue.o(i.prvInitialiseNewQueue)
    i.prvInitialiseNewTask                   0x080011c2   Section        0  tasks.o(i.prvInitialiseNewTask)
    prvInitialiseNewTask                     0x080011c3   Thumb Code   134  tasks.o(i.prvInitialiseNewTask)
    i.prvInitialiseTaskLists                 0x08001248   Section        0  tasks.o(i.prvInitialiseTaskLists)
    prvInitialiseTaskLists                   0x08001249   Thumb Code    70  tasks.o(i.prvInitialiseTaskLists)
    i.prvIsQueueEmpty                        0x080012b0   Section        0  queue.o(i.prvIsQueueEmpty)
    prvIsQueueEmpty                          0x080012b1   Thumb Code    26  queue.o(i.prvIsQueueEmpty)
    i.prvIsQueueFull                         0x080012ca   Section        0  queue.o(i.prvIsQueueFull)
    prvIsQueueFull                           0x080012cb   Thumb Code    30  queue.o(i.prvIsQueueFull)
    i.prvResetNextTaskUnblockTime            0x080012e8   Section        0  tasks.o(i.prvResetNextTaskUnblockTime)
    prvResetNextTaskUnblockTime              0x080012e9   Thumb Code    42  tasks.o(i.prvResetNextTaskUnblockTime)
    i.prvTaskExitError                       0x0800131c   Section        0  port.o(i.prvTaskExitError)
    prvTaskExitError                         0x0800131d   Thumb Code    22  port.o(i.prvTaskExitError)
    i.prvTaskIsTaskSuspended                 0x08001334   Section        0  tasks.o(i.prvTaskIsTaskSuspended)
    prvTaskIsTaskSuspended                   0x08001335   Thumb Code    56  tasks.o(i.prvTaskIsTaskSuspended)
    i.prvUnlockQueue                         0x08001374   Section        0  queue.o(i.prvUnlockQueue)
    prvUnlockQueue                           0x08001375   Thumb Code   126  queue.o(i.prvUnlockQueue)
    i.pvPortMalloc                           0x080013f4   Section        0  heap_1.o(i.pvPortMalloc)
    i.pvTaskIncrementMutexHeldCount          0x08001464   Section        0  tasks.o(i.pvTaskIncrementMutexHeldCount)
    i.pxPortInitialiseStack                  0x08001484   Section        0  port.o(i.pxPortInitialiseStack)
    i.rcc_init                               0x080014b0   Section        0  main.o(i.rcc_init)
    i.sensor_read                            0x0800156c   Section        0  stepmotor.o(i.sensor_read)
    i.servo_Rotate                           0x0800158c   Section        0  stepmotor.o(i.servo_Rotate)
    i.set_resolution                         0x08001628   Section        0  stepmotor.o(i.set_resolution)
    i.st_Rotate                              0x08001744   Section        0  stepmotor.o(i.st_Rotate)
    i.st_Step                                0x08001b30   Section        0  stepmotor.o(i.st_Step)
    i.st_vGripper                            0x08001b88   Section        0  stepmotor.o(i.st_vGripper)
    i.st_vMotor1                             0x08001bc0   Section        0  stepmotor.o(i.st_vMotor1)
    i.st_vMotor2                             0x08001c68   Section        0  stepmotor.o(i.st_vMotor2)
    i.st_vMotor3                             0x08001d10   Section        0  stepmotor.o(i.st_vMotor3)
    i.timer2_init                            0x08001db8   Section        0  timer.o(i.timer2_init)
    i.timer4_pwm_init                        0x08001df8   Section        0  timer.o(i.timer4_pwm_init)
    i.usart1_init                            0x08001f20   Section        0  usart.o(i.usart1_init)
    i.usart_send                             0x08001fe8   Section        0  usart.o(i.usart_send)
    i.usart_send_data                        0x08001ff8   Section        0  usart.o(i.usart_send_data)
    i.usart_send_string                      0x08002008   Section        0  usart.o(i.usart_send_string)
    i.uxListRemove                           0x08002026   Section        0  list.o(i.uxListRemove)
    i.vApplicationIdleHook                   0x08002050   Section        0  main.o(i.vApplicationIdleHook)
    i.vBlinker                               0x080020d0   Section        0  main.o(i.vBlinker)
    i.vBlinkerBootLoader                     0x08002100   Section        0  main.o(i.vBlinkerBootLoader)
    i.vBootLoader                            0x0800212c   Section        0  main.o(i.vBootLoader)
    i.vListInitialise                        0x080022c4   Section        0  list.o(i.vListInitialise)
    i.vListInitialiseItem                    0x080022de   Section        0  list.o(i.vListInitialiseItem)
    i.vListInsert                            0x080022e4   Section        0  list.o(i.vListInsert)
    i.vListInsertEnd                         0x08002318   Section        0  list.o(i.vListInsertEnd)
    i.vPortEnterCritical                     0x08002330   Section        0  port.o(i.vPortEnterCritical)
    i.vPortExitCritical                      0x08002354   Section        0  port.o(i.vPortExitCritical)
    i.vPortFree                              0x08002374   Section        0  heap_1.o(i.vPortFree)
    i.vPortSetupTimerInterrupt               0x08002378   Section        0  port.o(i.vPortSetupTimerInterrupt)
    i.vReadSemaphore                         0x0800238c   Section        0  main.o(i.vReadSemaphore)
    i.vSender                                0x08002410   Section        0  main.o(i.vSender)
    i.vTaskDelay                             0x08002634   Section        0  tasks.o(i.vTaskDelay)
    i.vTaskMissedYield                       0x08002668   Section        0  tasks.o(i.vTaskMissedYield)
    i.vTaskPlaceOnEventList                  0x08002674   Section        0  tasks.o(i.vTaskPlaceOnEventList)
    i.vTaskPriorityInherit                   0x08002694   Section        0  tasks.o(i.vTaskPriorityInherit)
    i.vTaskResume                            0x08002744   Section        0  tasks.o(i.vTaskResume)
    i.vTaskSetTimeOutState                   0x080027bc   Section        0  tasks.o(i.vTaskSetTimeOutState)
    i.vTaskStartScheduler                    0x080027d4   Section        0  tasks.o(i.vTaskStartScheduler)
    i.vTaskSuspend                           0x08002838   Section        0  tasks.o(i.vTaskSuspend)
    i.vTaskSuspendAll                        0x080028f4   Section        0  tasks.o(i.vTaskSuspendAll)
    i.vTaskSwitchContext                     0x08002904   Section        0  tasks.o(i.vTaskSwitchContext)
    i.xPortStartScheduler                    0x08002964   Section        0  port.o(i.xPortStartScheduler)
    i.xQueueGenericCreate                    0x080029ac   Section        0  queue.o(i.xQueueGenericCreate)
    i.xQueueGenericReceive                   0x080029e4   Section        0  queue.o(i.xQueueGenericReceive)
    i.xQueueGenericReset                     0x08002b40   Section        0  queue.o(i.xQueueGenericReset)
    i.xQueueGenericSend                      0x08002bc0   Section        0  queue.o(i.xQueueGenericSend)
    i.xQueueGiveFromISR                      0x08002cd8   Section        0  queue.o(i.xQueueGiveFromISR)
    i.xTaskCheckForTimeOut                   0x08002d50   Section        0  tasks.o(i.xTaskCheckForTimeOut)
    i.xTaskCreate                            0x08002dac   Section        0  tasks.o(i.xTaskCreate)
    i.xTaskGetTickCount                      0x08002e0c   Section        0  tasks.o(i.xTaskGetTickCount)
    i.xTaskIncrementTick                     0x08002e18   Section        0  tasks.o(i.xTaskIncrementTick)
    i.xTaskPriorityDisinherit                0x08002f34   Section        0  tasks.o(i.xTaskPriorityDisinherit)
    i.xTaskRemoveFromEventList               0x08002fb8   Section        0  tasks.o(i.xTaskRemoveFromEventList)
    i.xTaskResumeAll                         0x08003038   Section        0  tasks.o(i.xTaskResumeAll)
    x$fpl$fpinit                             0x08003120   Section       10  fpinit.o(x$fpl$fpinit)
    $v0                                      0x08003120   Number         0  fpinit.o(x$fpl$fpinit)
    .constdata                               0x0800312c   Section      216  io.o(.constdata)
    .data                                    0x20000000   Section      132  main.o(.data)
    CPU_USAGE                                0x20000068   Data           4  main.o(.data)
    sensor                                   0x2000006c   Data           1  main.o(.data)
    xHigherPriorityTaskWoken                 0x20000070   Data           4  main.o(.data)
    xHigherPriorityTaskWoken                 0x20000074   Data           4  main.o(.data)
    LastTick                                 0x20000078   Data           4  main.o(.data)
    count                                    0x2000007c   Data           4  main.o(.data)
    max_count                                0x20000080   Data           4  main.o(.data)
    .data                                    0x20000084   Section       37  stepmotor.o(.data)
    .data                                    0x200000ac   Section        8  heap_1.o(.data)
    xNextFreeByte                            0x200000ac   Data           4  heap_1.o(.data)
    pucAlignedHeap                           0x200000b0   Data           4  heap_1.o(.data)
    .data                                    0x200000b4   Section        4  port.o(.data)
    uxCriticalNesting                        0x200000b4   Data           4  port.o(.data)
    .data                                    0x200000b8   Section       60  tasks.o(.data)
    pxDelayedTaskList                        0x200000bc   Data           4  tasks.o(.data)
    pxOverflowDelayedTaskList                0x200000c0   Data           4  tasks.o(.data)
    uxDeletedTasksWaitingCleanUp             0x200000c4   Data           4  tasks.o(.data)
    uxCurrentNumberOfTasks                   0x200000c8   Data           4  tasks.o(.data)
    xTickCount                               0x200000cc   Data           4  tasks.o(.data)
    uxTopReadyPriority                       0x200000d0   Data           4  tasks.o(.data)
    xSchedulerRunning                        0x200000d4   Data           4  tasks.o(.data)
    uxPendedTicks                            0x200000d8   Data           4  tasks.o(.data)
    xYieldPending                            0x200000dc   Data           4  tasks.o(.data)
    xNumOfOverflows                          0x200000e0   Data           4  tasks.o(.data)
    uxTaskNumber                             0x200000e4   Data           4  tasks.o(.data)
    xNextTaskUnblockTime                     0x200000e8   Data           4  tasks.o(.data)
    xIdleTaskHandle                          0x200000ec   Data           4  tasks.o(.data)
    uxSchedulerSuspended                     0x200000f0   Data           4  tasks.o(.data)
    .bss                                     0x200000f4   Section       12  main.o(.bss)
    .bss                                     0x20000100   Section    17408  heap_1.o(.bss)
    ucHeap                                   0x20000100   Data       17408  heap_1.o(.bss)
    .bss                                     0x20004500   Section      200  tasks.o(.bss)
    pxReadyTasksLists                        0x20004500   Data         100  tasks.o(.bss)
    xDelayedTaskList1                        0x20004564   Data          20  tasks.o(.bss)
    xDelayedTaskList2                        0x20004578   Data          20  tasks.o(.bss)
    xPendingReadyList                        0x2000458c   Data          20  tasks.o(.bss)
    xTasksWaitingTermination                 0x200045a0   Data          20  tasks.o(.bss)
    xSuspendedTaskList                       0x200045b4   Data          20  tasks.o(.bss)
    .bss                                     0x200045c8   Section       96  libspace.o(.bss)
    HEAP                                     0x20004628   Section      512  startup_stm32f303xc.o(HEAP)
    Heap_Mem                                 0x20004628   Data         512  startup_stm32f303xc.o(HEAP)
    STACK                                    0x20004828   Section     1024  startup_stm32f303xc.o(STACK)
    Stack_Mem                                0x20004828   Data        1024  startup_stm32f303xc.o(STACK)
    __initial_sp                             0x20004c28   Data           0  startup_stm32f303xc.o(STACK)

    Global Symbols

    Symbol Name                              Value     Ov Type        Size  Object(Section)

    BuildAttributes$$THM_ISAv4$E$P$D$K$B$S$7EM$VFPi3$EXTD16$VFPS$VFMA$PE$A:L22UL41UL21$X:L11$S22US41US21$IEEE1$IW$USESV6$~STKCKD$USESV7$~SHL$OSPACE$ROPI$EBA8$UX$STANDARDLIB$REQ8$PRES8$EABIv2 0x00000000   Number         0  anon$$obj.o ABSOLUTE
    __ARM_use_no_argv                        0x00000000   Number         0  main.o ABSOLUTE
    __ARM_exceptions_init                     - Undefined Weak Reference
    __alloca_initialize                       - Undefined Weak Reference
    __arm_preinit_                            - Undefined Weak Reference
    __cpp_initialize__aeabi_                  - Undefined Weak Reference
    __cxa_finalize                            - Undefined Weak Reference
    __rt_locale                               - Undefined Weak Reference
    __sigvec_lookup                           - Undefined Weak Reference
    _atexit_init                              - Undefined Weak Reference
    _call_atexit_fns                          - Undefined Weak Reference
    _clock_init                               - Undefined Weak Reference
    _fp_trap_init                             - Undefined Weak Reference
    _fp_trap_shutdown                         - Undefined Weak Reference
    _get_lc_collate                           - Undefined Weak Reference
    _get_lc_ctype                             - Undefined Weak Reference
    _get_lc_monetary                          - Undefined Weak Reference
    _get_lc_numeric                           - Undefined Weak Reference
    _get_lc_time                              - Undefined Weak Reference
    _getenv_init                              - Undefined Weak Reference
    _handle_redirection                       - Undefined Weak Reference
    _init_alloc                               - Undefined Weak Reference
    _init_user_alloc                          - Undefined Weak Reference
    _initio                                   - Undefined Weak Reference
    _rand_init                                - Undefined Weak Reference
    _signal_finish                            - Undefined Weak Reference
    _signal_init                              - Undefined Weak Reference
    _terminate_alloc                          - Undefined Weak Reference
    _terminate_user_alloc                     - Undefined Weak Reference
    _terminateio                              - Undefined Weak Reference
    __Vectors_Size                           0x00000188   Number         0  startup_stm32f303xc.o ABSOLUTE
    __Vectors                                0x08000000   Data           4  startup_stm32f303xc.o(RESET)
    __Vectors_End                            0x08000188   Data           0  startup_stm32f303xc.o(RESET)
    __main                                   0x08000189   Thumb Code     8  __main.o(!!!main)
    __scatterload                            0x08000191   Thumb Code     0  __scatter.o(!!!scatter)
    __scatterload_rt2                        0x08000191   Thumb Code    44  __scatter.o(!!!scatter)
    __scatterload_rt2_thumb_only             0x08000191   Thumb Code     0  __scatter.o(!!!scatter)
    __scatterload_null                       0x0800019f   Thumb Code     0  __scatter.o(!!!scatter)
    __scatterload_copy                       0x080001c5   Thumb Code    26  __scatter_copy.o(!!handler_copy)
    __scatterload_zeroinit                   0x080001e1   Thumb Code    28  __scatter_zi.o(!!handler_zi)
    __rt_lib_init                            0x080001fd   Thumb Code     0  libinit.o(.ARM.Collect$$libinit$$00000000)
    __rt_lib_init_fp_1                       0x080001ff   Thumb Code     0  libinit2.o(.ARM.Collect$$libinit$$00000001)
    __rt_lib_init_alloca_1                   0x08000203   Thumb Code     0  libinit2.o(.ARM.Collect$$libinit$$0000002E)
    __rt_lib_init_argv_1                     0x08000203   Thumb Code     0  libinit2.o(.ARM.Collect$$libinit$$0000002C)
    __rt_lib_init_atexit_1                   0x08000203   Thumb Code     0  libinit2.o(.ARM.Collect$$libinit$$0000001B)
    __rt_lib_init_clock_1                    0x08000203   Thumb Code     0  libinit2.o(.ARM.Collect$$libinit$$00000021)
    __rt_lib_init_cpp_1                      0x08000203   Thumb Code     0  libinit2.o(.ARM.Collect$$libinit$$00000032)
    __rt_lib_init_exceptions_1               0x08000203   Thumb Code     0  libinit2.o(.ARM.Collect$$libinit$$00000030)
    __rt_lib_init_fp_trap_1                  0x08000203   Thumb Code     0  libinit2.o(.ARM.Collect$$libinit$$0000001F)
    __rt_lib_init_getenv_1                   0x08000203   Thumb Code     0  libinit2.o(.ARM.Collect$$libinit$$00000023)
    __rt_lib_init_heap_1                     0x08000203   Thumb Code     0  libinit2.o(.ARM.Collect$$libinit$$0000000A)
    __rt_lib_init_lc_collate_1               0x08000203   Thumb Code     0  libinit2.o(.ARM.Collect$$libinit$$00000011)
    __rt_lib_init_lc_ctype_1                 0x08000203   Thumb Code     0  libinit2.o(.ARM.Collect$$libinit$$00000013)
    __rt_lib_init_lc_monetary_1              0x08000203   Thumb Code     0  libinit2.o(.ARM.Collect$$libinit$$00000015)
    __rt_lib_init_lc_numeric_1               0x08000203   Thumb Code     0  libinit2.o(.ARM.Collect$$libinit$$00000017)
    __rt_lib_init_lc_time_1                  0x08000203   Thumb Code     0  libinit2.o(.ARM.Collect$$libinit$$00000019)
    __rt_lib_init_preinit_1                  0x08000203   Thumb Code     0  libinit2.o(.ARM.Collect$$libinit$$00000004)
    __rt_lib_init_rand_1                     0x08000203   Thumb Code     0  libinit2.o(.ARM.Collect$$libinit$$0000000E)
    __rt_lib_init_return                     0x08000203   Thumb Code     0  libinit2.o(.ARM.Collect$$libinit$$00000033)
    __rt_lib_init_signal_1                   0x08000203   Thumb Code     0  libinit2.o(.ARM.Collect$$libinit$$0000001D)
    __rt_lib_init_stdio_1                    0x08000203   Thumb Code     0  libinit2.o(.ARM.Collect$$libinit$$00000025)
    __rt_lib_init_user_alloc_1               0x08000203   Thumb Code     0  libinit2.o(.ARM.Collect$$libinit$$0000000C)
    __rt_lib_shutdown                        0x08000205   Thumb Code     0  libshutdown.o(.ARM.Collect$$libshutdown$$00000000)
    __rt_lib_shutdown_cpp_1                  0x08000207   Thumb Code     0  libshutdown2.o(.ARM.Collect$$libshutdown$$00000002)
    __rt_lib_shutdown_fp_trap_1              0x08000207   Thumb Code     0  libshutdown2.o(.ARM.Collect$$libshutdown$$00000007)
    __rt_lib_shutdown_heap_1                 0x08000207   Thumb Code     0  libshutdown2.o(.ARM.Collect$$libshutdown$$0000000F)
    __rt_lib_shutdown_return                 0x08000207   Thumb Code     0  libshutdown2.o(.ARM.Collect$$libshutdown$$00000010)
    __rt_lib_shutdown_signal_1               0x08000207   Thumb Code     0  libshutdown2.o(.ARM.Collect$$libshutdown$$0000000A)
    __rt_lib_shutdown_stdio_1                0x08000207   Thumb Code     0  libshutdown2.o(.ARM.Collect$$libshutdown$$00000004)
    __rt_lib_shutdown_user_alloc_1           0x08000207   Thumb Code     0  libshutdown2.o(.ARM.Collect$$libshutdown$$0000000C)
    __rt_entry                               0x08000209   Thumb Code     0  __rtentry.o(.ARM.Collect$$rtentry$$00000000)
    __rt_entry_presh_1                       0x08000209   Thumb Code     0  __rtentry2.o(.ARM.Collect$$rtentry$$00000002)
    __rt_entry_sh                            0x08000209   Thumb Code     0  __rtentry4.o(.ARM.Collect$$rtentry$$00000004)
    __rt_entry_li                            0x0800020f   Thumb Code     0  __rtentry2.o(.ARM.Collect$$rtentry$$0000000A)
    __rt_entry_postsh_1                      0x0800020f   Thumb Code     0  __rtentry2.o(.ARM.Collect$$rtentry$$00000009)
    __rt_entry_main                          0x08000213   Thumb Code     0  __rtentry2.o(.ARM.Collect$$rtentry$$0000000D)
    __rt_entry_postli_1                      0x08000213   Thumb Code     0  __rtentry2.o(.ARM.Collect$$rtentry$$0000000C)
    __rt_exit                                0x0800021b   Thumb Code     0  rtexit.o(.ARM.Collect$$rtexit$$00000000)
    __rt_exit_ls                             0x0800021d   Thumb Code     0  rtexit2.o(.ARM.Collect$$rtexit$$00000003)
    __rt_exit_prels_1                        0x0800021d   Thumb Code     0  rtexit2.o(.ARM.Collect$$rtexit$$00000002)
    __rt_exit_exit                           0x08000221   Thumb Code     0  rtexit2.o(.ARM.Collect$$rtexit$$00000004)
    SVC_Handler                              0x08000229   Thumb Code    28  port.o(.emb_text)
    __asm___6_port_c_39a90d8d__prvStartFirstTask 0x08000249   Thumb Code    28  port.o(.emb_text)
    __asm___6_port_c_39a90d8d__prvEnableVFP  0x08000269   Thumb Code    16  port.o(.emb_text)
    PendSV_Handler                           0x0800027d   Thumb Code    88  port.o(.emb_text)
    vPortGetIPSR                             0x080002d9   Thumb Code     6  port.o(.emb_text)
    Reset_Handler                            0x080002e1   Thumb Code     8  startup_stm32f303xc.o(.text)
    NMI_Handler                              0x080002e9   Thumb Code     2  startup_stm32f303xc.o(.text)
    HardFault_Handler                        0x080002eb   Thumb Code     2  startup_stm32f303xc.o(.text)
    MemManage_Handler                        0x080002ed   Thumb Code     2  startup_stm32f303xc.o(.text)
    BusFault_Handler                         0x080002ef   Thumb Code     2  startup_stm32f303xc.o(.text)
    UsageFault_Handler                       0x080002f1   Thumb Code     2  startup_stm32f303xc.o(.text)
    DebugMon_Handler                         0x080002f5   Thumb Code     2  startup_stm32f303xc.o(.text)
    ADC1_2_IRQHandler                        0x080002fb   Thumb Code     0  startup_stm32f303xc.o(.text)
    ADC3_IRQHandler                          0x080002fb   Thumb Code     0  startup_stm32f303xc.o(.text)
    ADC4_IRQHandler                          0x080002fb   Thumb Code     0  startup_stm32f303xc.o(.text)
    CAN1_RX1_IRQHandler                      0x080002fb   Thumb Code     0  startup_stm32f303xc.o(.text)
    CAN1_SCE_IRQHandler                      0x080002fb   Thumb Code     0  startup_stm32f303xc.o(.text)
    COMP1_2_3_IRQHandler                     0x080002fb   Thumb Code     0  startup_stm32f303xc.o(.text)
    COMP4_5_6_IRQHandler                     0x080002fb   Thumb Code     0  startup_stm32f303xc.o(.text)
    COMP7_IRQHandler                         0x080002fb   Thumb Code     0  startup_stm32f303xc.o(.text)
    DMA1_Channel1_IRQHandler                 0x080002fb   Thumb Code     0  startup_stm32f303xc.o(.text)
    DMA1_Channel2_IRQHandler                 0x080002fb   Thumb Code     0  startup_stm32f303xc.o(.text)
    DMA1_Channel3_IRQHandler                 0x080002fb   Thumb Code     0  startup_stm32f303xc.o(.text)
    DMA1_Channel4_IRQHandler                 0x080002fb   Thumb Code     0  startup_stm32f303xc.o(.text)
    DMA1_Channel5_IRQHandler                 0x080002fb   Thumb Code     0  startup_stm32f303xc.o(.text)
    DMA1_Channel6_IRQHandler                 0x080002fb   Thumb Code     0  startup_stm32f303xc.o(.text)
    DMA1_Channel7_IRQHandler                 0x080002fb   Thumb Code     0  startup_stm32f303xc.o(.text)
    DMA2_Channel1_IRQHandler                 0x080002fb   Thumb Code     0  startup_stm32f303xc.o(.text)
    DMA2_Channel2_IRQHandler                 0x080002fb   Thumb Code     0  startup_stm32f303xc.o(.text)
    DMA2_Channel3_IRQHandler                 0x080002fb   Thumb Code     0  startup_stm32f303xc.o(.text)
    DMA2_Channel4_IRQHandler                 0x080002fb   Thumb Code     0  startup_stm32f303xc.o(.text)
    DMA2_Channel5_IRQHandler                 0x080002fb   Thumb Code     0  startup_stm32f303xc.o(.text)
    EXTI0_IRQHandler                         0x080002fb   Thumb Code     0  startup_stm32f303xc.o(.text)
    EXTI15_10_IRQHandler                     0x080002fb   Thumb Code     0  startup_stm32f303xc.o(.text)
    EXTI1_IRQHandler                         0x080002fb   Thumb Code     0  startup_stm32f303xc.o(.text)
    EXTI2_TS_IRQHandler                      0x080002fb   Thumb Code     0  startup_stm32f303xc.o(.text)
    EXTI3_IRQHandler                         0x080002fb   Thumb Code     0  startup_stm32f303xc.o(.text)
    EXTI4_IRQHandler                         0x080002fb   Thumb Code     0  startup_stm32f303xc.o(.text)
    EXTI9_5_IRQHandler                       0x080002fb   Thumb Code     0  startup_stm32f303xc.o(.text)
    FLASH_IRQHandler                         0x080002fb   Thumb Code     0  startup_stm32f303xc.o(.text)
    FPU_IRQHandler                           0x080002fb   Thumb Code     0  startup_stm32f303xc.o(.text)
    I2C1_ER_IRQHandler                       0x080002fb   Thumb Code     0  startup_stm32f303xc.o(.text)
    I2C1_EV_IRQHandler                       0x080002fb   Thumb Code     0  startup_stm32f303xc.o(.text)
    I2C2_ER_IRQHandler                       0x080002fb   Thumb Code     0  startup_stm32f303xc.o(.text)
    I2C2_EV_IRQHandler                       0x080002fb   Thumb Code     0  startup_stm32f303xc.o(.text)
    PVD_IRQHandler                           0x080002fb   Thumb Code     0  startup_stm32f303xc.o(.text)
    RCC_IRQHandler                           0x080002fb   Thumb Code     0  startup_stm32f303xc.o(.text)
    RTC_Alarm_IRQHandler                     0x080002fb   Thumb Code     0  startup_stm32f303xc.o(.text)
    RTC_WKUP_IRQHandler                      0x080002fb   Thumb Code     0  startup_stm32f303xc.o(.text)
    SPI1_IRQHandler                          0x080002fb   Thumb Code     0  startup_stm32f303xc.o(.text)
    SPI2_IRQHandler                          0x080002fb   Thumb Code     0  startup_stm32f303xc.o(.text)
    SPI3_IRQHandler                          0x080002fb   Thumb Code     0  startup_stm32f303xc.o(.text)
    TAMPER_STAMP_IRQHandler                  0x080002fb   Thumb Code     0  startup_stm32f303xc.o(.text)
    TIM1_BRK_TIM15_IRQHandler                0x080002fb   Thumb Code     0  startup_stm32f303xc.o(.text)
    TIM1_CC_IRQHandler                       0x080002fb   Thumb Code     0  startup_stm32f303xc.o(.text)
    TIM1_TRG_COM_TIM17_IRQHandler            0x080002fb   Thumb Code     0  startup_stm32f303xc.o(.text)
    TIM1_UP_TIM16_IRQHandler                 0x080002fb   Thumb Code     0  startup_stm32f303xc.o(.text)
    TIM4_IRQHandler                          0x080002fb   Thumb Code     0  startup_stm32f303xc.o(.text)
    TIM6_DAC_IRQHandler                      0x080002fb   Thumb Code     0  startup_stm32f303xc.o(.text)
    TIM7_IRQHandler                          0x080002fb   Thumb Code     0  startup_stm32f303xc.o(.text)
    TIM8_BRK_IRQHandler                      0x080002fb   Thumb Code     0  startup_stm32f303xc.o(.text)
    TIM8_CC_IRQHandler                       0x080002fb   Thumb Code     0  startup_stm32f303xc.o(.text)
    TIM8_TRG_COM_IRQHandler                  0x080002fb   Thumb Code     0  startup_stm32f303xc.o(.text)
    TIM8_UP_IRQHandler                       0x080002fb   Thumb Code     0  startup_stm32f303xc.o(.text)
    UART4_IRQHandler                         0x080002fb   Thumb Code     0  startup_stm32f303xc.o(.text)
    UART5_IRQHandler                         0x080002fb   Thumb Code     0  startup_stm32f303xc.o(.text)
    USART2_IRQHandler                        0x080002fb   Thumb Code     0  startup_stm32f303xc.o(.text)
    USART3_IRQHandler                        0x080002fb   Thumb Code     0  startup_stm32f303xc.o(.text)
    USBWakeUp_IRQHandler                     0x080002fb   Thumb Code     0  startup_stm32f303xc.o(.text)
    USBWakeUp_RMP_IRQHandler                 0x080002fb   Thumb Code     0  startup_stm32f303xc.o(.text)
    USB_HP_CAN1_TX_IRQHandler                0x080002fb   Thumb Code     0  startup_stm32f303xc.o(.text)
    USB_HP_IRQHandler                        0x080002fb   Thumb Code     0  startup_stm32f303xc.o(.text)
    USB_LP_CAN1_RX0_IRQHandler               0x080002fb   Thumb Code     0  startup_stm32f303xc.o(.text)
    USB_LP_IRQHandler                        0x080002fb   Thumb Code     0  startup_stm32f303xc.o(.text)
    WWDG_IRQHandler                          0x080002fb   Thumb Code     0  startup_stm32f303xc.o(.text)
    __user_initial_stackheap                 0x080002fd   Thumb Code     0  startup_stm32f303xc.o(.text)
    __aeabi_memcpy                           0x08000321   Thumb Code     0  rt_memcpy_v6.o(.text)
    __rt_memcpy                              0x08000321   Thumb Code   138  rt_memcpy_v6.o(.text)
    _memcpy_lastbytes                        0x08000387   Thumb Code     0  rt_memcpy_v6.o(.text)
    __use_two_region_memory                  0x080003ab   Thumb Code     2  heapauxi.o(.text)
    __rt_heap_escrow$2region                 0x080003ad   Thumb Code     2  heapauxi.o(.text)
    __rt_heap_expand$2region                 0x080003af   Thumb Code     2  heapauxi.o(.text)
    __aeabi_memcpy4                          0x080003b1   Thumb Code     0  rt_memcpy_w.o(.text)
    __aeabi_memcpy8                          0x080003b1   Thumb Code     0  rt_memcpy_w.o(.text)
    __rt_memcpy_w                            0x080003b1   Thumb Code   100  rt_memcpy_w.o(.text)
    _memcpy_lastbytes_aligned                0x080003f9   Thumb Code     0  rt_memcpy_w.o(.text)
    __user_setup_stackheap                   0x08000415   Thumb Code    74  sys_stackheap_outer.o(.text)
    exit                                     0x0800045f   Thumb Code    18  exit.o(.text)
    __user_libspace                          0x08000471   Thumb Code     8  libspace.o(.text)
    __user_perproc_libspace                  0x08000471   Thumb Code     0  libspace.o(.text)
    __user_perthread_libspace                0x08000471   Thumb Code     0  libspace.o(.text)
    _sys_exit                                0x08000479   Thumb Code     8  sys_exit.o(.text)
    __I$use$semihosting                      0x08000485   Thumb Code     0  use_no_semi.o(.text)
    __use_no_semihosting_swi                 0x08000485   Thumb Code     2  use_no_semi.o(.text)
    __semihosting_library_function           0x08000487   Thumb Code     0  indicate_semi.o(.text)
    IO_ConfigLine                            0x08000489   Thumb Code   448  io.o(i.IO_ConfigLine)
    IO_GetLine                               0x0800064d   Thumb Code    50  io.o(i.IO_GetLine)
    IO_Init                                  0x08000685   Thumb Code   144  io.o(i.IO_Init)
    IO_SetLine                               0x0800071d   Thumb Code    64  io.o(i.IO_SetLine)
    SendQueueValue                           0x080007c9   Thumb Code    28  stepmotor.o(i.SendQueueValue)
    Stepper_Init                             0x080008a9   Thumb Code   334  stepmotor.o(i.Stepper_Init)
    SysTick_Handler                          0x08000a75   Thumb Code    46  port.o(i.SysTick_Handler)
    SystemInit                               0x08000aa9   Thumb Code   112  system_stm32f30x.o(i.SystemInit)
    TIM2_IRQHandler                          0x08000b2d   Thumb Code   162  main.o(i.TIM2_IRQHandler)
    TIM3_IRQHandler                          0x08000be9   Thumb Code    24  main.o(i.TIM3_IRQHandler)
    USART1_IRQHandler                        0x08000c05   Thumb Code   232  main.o(i.USART1_IRQHandler)
    convertFrom8to16                         0x08000d19   Thumb Code     8  utils.o(i.convertFrom8to16)
    convertFrom8to32                         0x08000d21   Thumb Code    24  utils.o(i.convertFrom8to32)
    crc32_init                               0x08000d39   Thumb Code    46  crc.o(i.crc32_init)
    crc_calc                                 0x08000d71   Thumb Code    44  crc.o(i.crc_calc)
    led_init                                 0x08000da1   Thumb Code    50  led.o(i.led_init)
    main                                     0x08000de9   Thumb Code   182  main.o(i.main)
    pvPortMalloc                             0x080013f5   Thumb Code    98  heap_1.o(i.pvPortMalloc)
    pvTaskIncrementMutexHeldCount            0x08001465   Thumb Code    26  tasks.o(i.pvTaskIncrementMutexHeldCount)
    pxPortInitialiseStack                    0x08001485   Thumb Code    38  port.o(i.pxPortInitialiseStack)
    rcc_init                                 0x080014b1   Thumb Code   178  main.o(i.rcc_init)
    sensor_read                              0x0800156d   Thumb Code    28  stepmotor.o(i.sensor_read)
    servo_Rotate                             0x0800158d   Thumb Code   148  stepmotor.o(i.servo_Rotate)
    set_resolution                           0x08001629   Thumb Code   280  stepmotor.o(i.set_resolution)
    st_Rotate                                0x08001745   Thumb Code   974  stepmotor.o(i.st_Rotate)
    st_Step                                  0x08001b31   Thumb Code    78  stepmotor.o(i.st_Step)
    st_vGripper                              0x08001b89   Thumb Code    46  stepmotor.o(i.st_vGripper)
    st_vMotor1                               0x08001bc1   Thumb Code   146  stepmotor.o(i.st_vMotor1)
    st_vMotor2                               0x08001c69   Thumb Code   146  stepmotor.o(i.st_vMotor2)
    st_vMotor3                               0x08001d11   Thumb Code   146  stepmotor.o(i.st_vMotor3)
    timer2_init                              0x08001db9   Thumb Code    58  timer.o(i.timer2_init)
    timer4_pwm_init                          0x08001df9   Thumb Code   282  timer.o(i.timer4_pwm_init)
    usart1_init                              0x08001f21   Thumb Code   190  usart.o(i.usart1_init)
    usart_send                               0x08001fe9   Thumb Code    16  usart.o(i.usart_send)
    usart_send_data                          0x08001ff9   Thumb Code    16  usart.o(i.usart_send_data)
    usart_send_string                        0x08002009   Thumb Code    30  usart.o(i.usart_send_string)
    uxListRemove                             0x08002027   Thumb Code    40  list.o(i.uxListRemove)
    vApplicationIdleHook                     0x08002051   Thumb Code   106  main.o(i.vApplicationIdleHook)
    vBlinker                                 0x080020d1   Thumb Code    44  main.o(i.vBlinker)
    vBlinkerBootLoader                       0x08002101   Thumb Code    40  main.o(i.vBlinkerBootLoader)
    vBootLoader                              0x0800212d   Thumb Code   366  main.o(i.vBootLoader)
    vListInitialise                          0x080022c5   Thumb Code    26  list.o(i.vListInitialise)
    vListInitialiseItem                      0x080022df   Thumb Code     6  list.o(i.vListInitialiseItem)
    vListInsert                              0x080022e5   Thumb Code    52  list.o(i.vListInsert)
    vListInsertEnd                           0x08002319   Thumb Code    24  list.o(i.vListInsertEnd)
    vPortEnterCritical                       0x08002331   Thumb Code    30  port.o(i.vPortEnterCritical)
    vPortExitCritical                        0x08002355   Thumb Code    28  port.o(i.vPortExitCritical)
    vPortFree                                0x08002375   Thumb Code     2  heap_1.o(i.vPortFree)
    vPortSetupTimerInterrupt                 0x08002379   Thumb Code    14  port.o(i.vPortSetupTimerInterrupt)
    vReadSemaphore                           0x0800238d   Thumb Code   112  main.o(i.vReadSemaphore)
    vSender                                  0x08002411   Thumb Code   484  main.o(i.vSender)
    vTaskDelay                               0x08002635   Thumb Code    46  tasks.o(i.vTaskDelay)
    vTaskMissedYield                         0x08002669   Thumb Code     8  tasks.o(i.vTaskMissedYield)
    vTaskPlaceOnEventList                    0x08002675   Thumb Code    28  tasks.o(i.vTaskPlaceOnEventList)
    vTaskPriorityInherit                     0x08002695   Thumb Code   164  tasks.o(i.vTaskPriorityInherit)
    vTaskResume                              0x08002745   Thumb Code   104  tasks.o(i.vTaskResume)
    vTaskSetTimeOutState                     0x080027bd   Thumb Code    14  tasks.o(i.vTaskSetTimeOutState)
    vTaskStartScheduler                      0x080027d5   Thumb Code    72  tasks.o(i.vTaskStartScheduler)
    vTaskSuspend                             0x08002839   Thumb Code   160  tasks.o(i.vTaskSuspend)
    vTaskSuspendAll                          0x080028f5   Thumb Code    12  tasks.o(i.vTaskSuspendAll)
    vTaskSwitchContext                       0x08002905   Thumb Code    76  tasks.o(i.vTaskSwitchContext)
    xPortStartScheduler                      0x08002965   Thumb Code    58  port.o(i.xPortStartScheduler)
    xQueueGenericCreate                      0x080029ad   Thumb Code    56  queue.o(i.xQueueGenericCreate)
    xQueueGenericReceive                     0x080029e5   Thumb Code   342  queue.o(i.xQueueGenericReceive)
    xQueueGenericReset                       0x08002b41   Thumb Code   122  queue.o(i.xQueueGenericReset)
    xQueueGenericSend                        0x08002bc1   Thumb Code   276  queue.o(i.xQueueGenericSend)
    xQueueGiveFromISR                        0x08002cd9   Thumb Code   120  queue.o(i.xQueueGiveFromISR)
    xTaskCheckForTimeOut                     0x08002d51   Thumb Code    84  tasks.o(i.xTaskCheckForTimeOut)
    xTaskCreate                              0x08002dad   Thumb Code    96  tasks.o(i.xTaskCreate)
    xTaskGetTickCount                        0x08002e0d   Thumb Code     6  tasks.o(i.xTaskGetTickCount)
    xTaskIncrementTick                       0x08002e19   Thumb Code   238  tasks.o(i.xTaskIncrementTick)
    xTaskPriorityDisinherit                  0x08002f35   Thumb Code   122  tasks.o(i.xTaskPriorityDisinherit)
    xTaskRemoveFromEventList                 0x08002fb9   Thumb Code   104  tasks.o(i.xTaskRemoveFromEventList)
    xTaskResumeAll                           0x08003039   Thumb Code   196  tasks.o(i.xTaskResumeAll)
    _fp_init                                 0x08003121   Thumb Code    10  fpinit.o(x$fpl$fpinit)
    __fplib_config_fpu_vfp                   0x08003129   Thumb Code     0  fpinit.o(x$fpl$fpinit)
    __fplib_config_pureend_doubles           0x08003129   Thumb Code     0  fpinit.o(x$fpl$fpinit)
    IOs                                      0x0800312c   Data         216  io.o(.constdata)
    Region$$Table$$Base                      0x08003204   Number         0  anon$$obj.o(Region$$Table)
    Region$$Table$$Limit                     0x08003224   Number         0  anon$$obj.o(Region$$Table)
    qMotor1                                  0x20000000   Data           4  main.o(.data)
    qMotor2                                  0x20000004   Data           4  main.o(.data)
    qMotor3                                  0x20000008   Data           4  main.o(.data)
    qGripper                                 0x2000000c   Data           4  main.o(.data)
    qValue1                                  0x20000010   Data           4  main.o(.data)
    qValue2                                  0x20000014   Data           4  main.o(.data)
    qValue3                                  0x20000018   Data           4  main.o(.data)
    qValue4                                  0x2000001c   Data           4  main.o(.data)
    StopMotor1                               0x20000020   Data           4  main.o(.data)
    StopMotor2                               0x20000024   Data           4  main.o(.data)
    StopMotor3                               0x20000028   Data           4  main.o(.data)
    OK_Motor1                                0x2000002c   Data           4  main.o(.data)
    OK_Motor2                                0x20000030   Data           4  main.o(.data)
    OK_Motor3                                0x20000034   Data           4  main.o(.data)
    OK_Gripper                               0x20000038   Data           4  main.o(.data)
    ISRFromUSARTHandle                       0x2000003c   Data           4  main.o(.data)
    hBootLoader                              0x20000040   Data           4  main.o(.data)
    hBlinker                                 0x20000044   Data           4  main.o(.data)
    hSender                                  0x20000048   Data           4  main.o(.data)
    hBlinkerBootLoader                       0x2000004c   Data           4  main.o(.data)
    hReadSemaphore                           0x20000050   Data           4  main.o(.data)
    rx_index                                 0x20000054   Data           1  main.o(.data)
    crc_rx                                   0x20000055   Data           4  main.o(.data)
    crc_receive                              0x2000005c   Data           4  main.o(.data)
    crc_calculation                          0x20000060   Data           4  main.o(.data)
    error_flag                               0x20000064   Data           2  main.o(.data)
    count_packet                             0x20000066   Data           2  main.o(.data)
    hMotor1                                  0x20000084   Data           4  stepmotor.o(.data)
    hMotor2                                  0x20000088   Data           4  stepmotor.o(.data)
    hMotor3                                  0x2000008c   Data           4  stepmotor.o(.data)
    hGripper                                 0x20000090   Data           4  stepmotor.o(.data)
    Motor                                    0x20000094   Data          21  stepmotor.o(.data)
    pxCurrentTCB                             0x200000b8   Data           4  tasks.o(.data)
    packet_rx                                0x200000f4   Data          12  main.o(.bss)
    __libspace_start                         0x200045c8   Data          96  libspace.o(.bss)
    __temporary_stack_top$libspace           0x20004628   Data           0  libspace.o(.bss)



==============================================================================

Memory Map of the image

  Image Entry point : 0x080002e1

  Load Region LR_1 (Base: 0x08000000, Size: 0x00003318, Max: 0xffffffff, ABSOLUTE)

    Execution Region ER_RO (Exec base: 0x08000000, Load base: 0x08000000, Size: 0x00003224, Max: 0xffffffff, ABSOLUTE)

    Exec Addr    Load Addr    Size         Type   Attr      Idx    E Section Name        Object

    0x08000000   0x08000000   0x00000188   Data   RO          570    RESET               startup_stm32f303xc.o
    0x08000188   0x08000188   0x00000008   Code   RO         1266  * !!!main             c_w.l(__main.o)
    0x08000190   0x08000190   0x00000034   Code   RO         1425    !!!scatter          c_w.l(__scatter.o)
    0x080001c4   0x080001c4   0x0000001a   Code   RO         1427    !!handler_copy      c_w.l(__scatter_copy.o)
    0x080001de   0x080001de   0x00000002   PAD
    0x080001e0   0x080001e0   0x0000001c   Code   RO         1429    !!handler_zi        c_w.l(__scatter_zi.o)
    0x080001fc   0x080001fc   0x00000002   Code   RO         1295    .ARM.Collect$$libinit$$00000000  c_w.l(libinit.o)
    0x080001fe   0x080001fe   0x00000004   Code   RO         1301    .ARM.Collect$$libinit$$00000001  c_w.l(libinit2.o)
    0x08000202   0x08000202   0x00000000   Code   RO         1304    .ARM.Collect$$libinit$$00000004  c_w.l(libinit2.o)
    0x08000202   0x08000202   0x00000000   Code   RO         1307    .ARM.Collect$$libinit$$0000000A  c_w.l(libinit2.o)
    0x08000202   0x08000202   0x00000000   Code   RO         1309    .ARM.Collect$$libinit$$0000000C  c_w.l(libinit2.o)
    0x08000202   0x08000202   0x00000000   Code   RO         1311    .ARM.Collect$$libinit$$0000000E  c_w.l(libinit2.o)
    0x08000202   0x08000202   0x00000000   Code   RO         1314    .ARM.Collect$$libinit$$00000011  c_w.l(libinit2.o)
    0x08000202   0x08000202   0x00000000   Code   RO         1316    .ARM.Collect$$libinit$$00000013  c_w.l(libinit2.o)
    0x08000202   0x08000202   0x00000000   Code   RO         1318    .ARM.Collect$$libinit$$00000015  c_w.l(libinit2.o)
    0x08000202   0x08000202   0x00000000   Code   RO         1320    .ARM.Collect$$libinit$$00000017  c_w.l(libinit2.o)
    0x08000202   0x08000202   0x00000000   Code   RO         1322    .ARM.Collect$$libinit$$00000019  c_w.l(libinit2.o)
    0x08000202   0x08000202   0x00000000   Code   RO         1324    .ARM.Collect$$libinit$$0000001B  c_w.l(libinit2.o)
    0x08000202   0x08000202   0x00000000   Code   RO         1326    .ARM.Collect$$libinit$$0000001D  c_w.l(libinit2.o)
    0x08000202   0x08000202   0x00000000   Code   RO         1328    .ARM.Collect$$libinit$$0000001F  c_w.l(libinit2.o)
    0x08000202   0x08000202   0x00000000   Code   RO         1330    .ARM.Collect$$libinit$$00000021  c_w.l(libinit2.o)
    0x08000202   0x08000202   0x00000000   Code   RO         1332    .ARM.Collect$$libinit$$00000023  c_w.l(libinit2.o)
    0x08000202   0x08000202   0x00000000   Code   RO         1334    .ARM.Collect$$libinit$$00000025  c_w.l(libinit2.o)
    0x08000202   0x08000202   0x00000000   Code   RO         1338    .ARM.Collect$$libinit$$0000002C  c_w.l(libinit2.o)
    0x08000202   0x08000202   0x00000000   Code   RO         1340    .ARM.Collect$$libinit$$0000002E  c_w.l(libinit2.o)
    0x08000202   0x08000202   0x00000000   Code   RO         1342    .ARM.Collect$$libinit$$00000030  c_w.l(libinit2.o)
    0x08000202   0x08000202   0x00000000   Code   RO         1344    .ARM.Collect$$libinit$$00000032  c_w.l(libinit2.o)
    0x08000202   0x08000202   0x00000002   Code   RO         1345    .ARM.Collect$$libinit$$00000033  c_w.l(libinit2.o)
    0x08000204   0x08000204   0x00000002   Code   RO         1365    .ARM.Collect$$libshutdown$$00000000  c_w.l(libshutdown.o)
    0x08000206   0x08000206   0x00000000   Code   RO         1378    .ARM.Collect$$libshutdown$$00000002  c_w.l(libshutdown2.o)
    0x08000206   0x08000206   0x00000000   Code   RO         1380    .ARM.Collect$$libshutdown$$00000004  c_w.l(libshutdown2.o)
    0x08000206   0x08000206   0x00000000   Code   RO         1383    .ARM.Collect$$libshutdown$$00000007  c_w.l(libshutdown2.o)
    0x08000206   0x08000206   0x00000000   Code   RO         1386    .ARM.Collect$$libshutdown$$0000000A  c_w.l(libshutdown2.o)
    0x08000206   0x08000206   0x00000000   Code   RO         1388    .ARM.Collect$$libshutdown$$0000000C  c_w.l(libshutdown2.o)
    0x08000206   0x08000206   0x00000000   Code   RO         1391    .ARM.Collect$$libshutdown$$0000000F  c_w.l(libshutdown2.o)
    0x08000206   0x08000206   0x00000002   Code   RO         1392    .ARM.Collect$$libshutdown$$00000010  c_w.l(libshutdown2.o)
    0x08000208   0x08000208   0x00000000   Code   RO         1268    .ARM.Collect$$rtentry$$00000000  c_w.l(__rtentry.o)
    0x08000208   0x08000208   0x00000000   Code   RO         1272    .ARM.Collect$$rtentry$$00000002  c_w.l(__rtentry2.o)
    0x08000208   0x08000208   0x00000006   Code   RO         1284    .ARM.Collect$$rtentry$$00000004  c_w.l(__rtentry4.o)
    0x0800020e   0x0800020e   0x00000000   Code   RO         1274    .ARM.Collect$$rtentry$$00000009  c_w.l(__rtentry2.o)
    0x0800020e   0x0800020e   0x00000004   Code   RO         1275    .ARM.Collect$$rtentry$$0000000A  c_w.l(__rtentry2.o)
    0x08000212   0x08000212   0x00000000   Code   RO         1277    .ARM.Collect$$rtentry$$0000000C  c_w.l(__rtentry2.o)
    0x08000212   0x08000212   0x00000008   Code   RO         1278    .ARM.Collect$$rtentry$$0000000D  c_w.l(__rtentry2.o)
    0x0800021a   0x0800021a   0x00000002   Code   RO         1299    .ARM.Collect$$rtexit$$00000000  c_w.l(rtexit.o)
    0x0800021c   0x0800021c   0x00000000   Code   RO         1347    .ARM.Collect$$rtexit$$00000002  c_w.l(rtexit2.o)
    0x0800021c   0x0800021c   0x00000004   Code   RO         1348    .ARM.Collect$$rtexit$$00000003  c_w.l(rtexit2.o)
    0x08000220   0x08000220   0x00000006   Code   RO         1349    .ARM.Collect$$rtexit$$00000004  c_w.l(rtexit2.o)
    0x08000226   0x08000226   0x00000002   PAD
    0x08000228   0x08000228   0x000000b6   Code   RO          751    .emb_text           port.o
    0x080002de   0x080002de   0x00000002   PAD
    0x080002e0   0x080002e0   0x00000040   Code   RO          571  * .text               startup_stm32f303xc.o
    0x08000320   0x08000320   0x0000008a   Code   RO         1262    .text               c_w.l(rt_memcpy_v6.o)
    0x080003aa   0x080003aa   0x00000006   Code   RO         1264    .text               c_w.l(heapauxi.o)
    0x080003b0   0x080003b0   0x00000064   Code   RO         1269    .text               c_w.l(rt_memcpy_w.o)
    0x08000414   0x08000414   0x0000004a   Code   RO         1286    .text               c_w.l(sys_stackheap_outer.o)
    0x0800045e   0x0800045e   0x00000012   Code   RO         1288    .text               c_w.l(exit.o)
    0x08000470   0x08000470   0x00000008   Code   RO         1296    .text               c_w.l(libspace.o)
    0x08000478   0x08000478   0x0000000c   Code   RO         1357    .text               c_w.l(sys_exit.o)
    0x08000484   0x08000484   0x00000002   Code   RO         1368    .text               c_w.l(use_no_semi.o)
    0x08000486   0x08000486   0x00000000   Code   RO         1370    .text               c_w.l(indicate_semi.o)
    0x08000486   0x08000486   0x00000002   PAD
    0x08000488   0x08000488   0x000001c4   Code   RO          361    i.IO_ConfigLine     io.o
    0x0800064c   0x0800064c   0x00000038   Code   RO          362    i.IO_GetLine        io.o
    0x08000684   0x08000684   0x00000098   Code   RO          363    i.IO_Init           io.o
    0x0800071c   0x0800071c   0x00000044   Code   RO          364    i.IO_SetLine        io.o
    0x08000760   0x08000760   0x00000016   Code   RO          263    i.NVIC_EnableIRQ    usart.o
    0x08000776   0x08000776   0x00000002   PAD
    0x08000778   0x08000778   0x00000028   Code   RO          218    i.NVIC_SetPriority  timer.o
    0x080007a0   0x080007a0   0x00000028   Code   RO          264    i.NVIC_SetPriority  usart.o
    0x080007c8   0x080007c8   0x00000020   Code   RO          406    i.SendQueueValue    stepmotor.o
    0x080007e8   0x080007e8   0x000000c0   Code   RO          530    i.SetSysClock       system_stm32f30x.o
    0x080008a8   0x080008a8   0x000001cc   Code   RO          407    i.Stepper_Init      stepmotor.o
    0x08000a74   0x08000a74   0x00000034   Code   RO          752    i.SysTick_Handler   port.o
    0x08000aa8   0x08000aa8   0x00000084   Code   RO          532    i.SystemInit        system_stm32f30x.o
    0x08000b2c   0x08000b2c   0x000000bc   Code   RO           63    i.TIM2_IRQHandler   main.o
    0x08000be8   0x08000be8   0x0000001c   Code   RO           64    i.TIM3_IRQHandler   main.o
    0x08000c04   0x08000c04   0x00000114   Code   RO           65    i.USART1_IRQHandler  main.o
    0x08000d18   0x08000d18   0x00000008   Code   RO          326    i.convertFrom8to16  utils.o
    0x08000d20   0x08000d20   0x00000018   Code   RO          327    i.convertFrom8to32  utils.o
    0x08000d38   0x08000d38   0x00000038   Code   RO          497    i.crc32_init        crc.o
    0x08000d70   0x08000d70   0x00000030   Code   RO          498    i.crc_calc          crc.o
    0x08000da0   0x08000da0   0x00000048   Code   RO            5    i.led_init          led.o
    0x08000de8   0x08000de8   0x00000120   Code   RO           66    i.main              main.o
    0x08000f08   0x08000f08   0x00000098   Code   RO          957    i.prvAddCurrentTaskToDelayedList  tasks.o
    0x08000fa0   0x08000fa0   0x000000b4   Code   RO          958    i.prvAddNewTaskToReadyList  tasks.o
    0x08001054   0x08001054   0x00000064   Code   RO          959    i.prvCheckTasksWaitingTermination  tasks.o
    0x080010b8   0x080010b8   0x0000002a   Code   RO          822    i.prvCopyDataFromQueue  queue.o
    0x080010e2   0x080010e2   0x0000007c   Code   RO          823    i.prvCopyDataToQueue  queue.o
    0x0800115e   0x0800115e   0x00000012   Code   RO          960    i.prvDeleteTCB      tasks.o
    0x08001170   0x08001170   0x0000002c   Code   RO          961    i.prvIdleTask       tasks.o
    0x0800119c   0x0800119c   0x00000026   Code   RO          825    i.prvInitialiseNewQueue  queue.o
    0x080011c2   0x080011c2   0x00000086   Code   RO          962    i.prvInitialiseNewTask  tasks.o
    0x08001248   0x08001248   0x00000068   Code   RO          963    i.prvInitialiseTaskLists  tasks.o
    0x080012b0   0x080012b0   0x0000001a   Code   RO          826    i.prvIsQueueEmpty   queue.o
    0x080012ca   0x080012ca   0x0000001e   Code   RO          827    i.prvIsQueueFull    queue.o
    0x080012e8   0x080012e8   0x00000034   Code   RO          964    i.prvResetNextTaskUnblockTime  tasks.o
    0x0800131c   0x0800131c   0x00000016   Code   RO          753    i.prvTaskExitError  port.o
    0x08001332   0x08001332   0x00000002   PAD
    0x08001334   0x08001334   0x00000040   Code   RO          965    i.prvTaskIsTaskSuspended  tasks.o
    0x08001374   0x08001374   0x0000007e   Code   RO          828    i.prvUnlockQueue    queue.o
    0x080013f2   0x080013f2   0x00000002   PAD
    0x080013f4   0x080013f4   0x00000070   Code   RO          682    i.pvPortMalloc      heap_1.o
    0x08001464   0x08001464   0x00000020   Code   RO          966    i.pvTaskIncrementMutexHeldCount  tasks.o
    0x08001484   0x08001484   0x0000002c   Code   RO          754    i.pxPortInitialiseStack  port.o
    0x080014b0   0x080014b0   0x000000bc   Code   RO           67    i.rcc_init          main.o
    0x0800156c   0x0800156c   0x00000020   Code   RO          408    i.sensor_read       stepmotor.o
    0x0800158c   0x0800158c   0x0000009c   Code   RO          409    i.servo_Rotate      stepmotor.o
    0x08001628   0x08001628   0x0000011c   Code   RO          410    i.set_resolution    stepmotor.o
    0x08001744   0x08001744   0x000003ec   Code   RO          411    i.st_Rotate         stepmotor.o
    0x08001b30   0x08001b30   0x00000058   Code   RO          412    i.st_Step           stepmotor.o
    0x08001b88   0x08001b88   0x00000038   Code   RO          413    i.st_vGripper       stepmotor.o
    0x08001bc0   0x08001bc0   0x000000a8   Code   RO          414    i.st_vMotor1        stepmotor.o
    0x08001c68   0x08001c68   0x000000a8   Code   RO          415    i.st_vMotor2        stepmotor.o
    0x08001d10   0x08001d10   0x000000a8   Code   RO          416    i.st_vMotor3        stepmotor.o
    0x08001db8   0x08001db8   0x00000040   Code   RO          219    i.timer2_init       timer.o
    0x08001df8   0x08001df8   0x00000128   Code   RO          221    i.timer4_pwm_init   timer.o
    0x08001f20   0x08001f20   0x000000c8   Code   RO          265    i.usart1_init       usart.o
    0x08001fe8   0x08001fe8   0x00000010   Code   RO          267    i.usart_send        usart.o
    0x08001ff8   0x08001ff8   0x00000010   Code   RO          268    i.usart_send_data   usart.o
    0x08002008   0x08002008   0x0000001e   Code   RO          269    i.usart_send_string  usart.o
    0x08002026   0x08002026   0x00000028   Code   RO          715    i.uxListRemove      list.o
    0x0800204e   0x0800204e   0x00000002   PAD
    0x08002050   0x08002050   0x00000080   Code   RO           68    i.vApplicationIdleHook  main.o
    0x080020d0   0x080020d0   0x00000030   Code   RO           69    i.vBlinker          main.o
    0x08002100   0x08002100   0x0000002c   Code   RO           70    i.vBlinkerBootLoader  main.o
    0x0800212c   0x0800212c   0x00000198   Code   RO           71    i.vBootLoader       main.o
    0x080022c4   0x080022c4   0x0000001a   Code   RO          716    i.vListInitialise   list.o
    0x080022de   0x080022de   0x00000006   Code   RO          717    i.vListInitialiseItem  list.o
    0x080022e4   0x080022e4   0x00000034   Code   RO          718    i.vListInsert       list.o
    0x08002318   0x08002318   0x00000018   Code   RO          719    i.vListInsertEnd    list.o
    0x08002330   0x08002330   0x00000024   Code   RO          756    i.vPortEnterCritical  port.o
    0x08002354   0x08002354   0x00000020   Code   RO          757    i.vPortExitCritical  port.o
    0x08002374   0x08002374   0x00000002   Code   RO          683    i.vPortFree         heap_1.o
    0x08002376   0x08002376   0x00000002   PAD
    0x08002378   0x08002378   0x00000014   Code   RO          758    i.vPortSetupTimerInterrupt  port.o
    0x0800238c   0x0800238c   0x00000084   Code   RO           72    i.vReadSemaphore    main.o
    0x08002410   0x08002410   0x00000224   Code   RO           73    i.vSender           main.o
    0x08002634   0x08002634   0x00000034   Code   RO          972    i.vTaskDelay        tasks.o
    0x08002668   0x08002668   0x0000000c   Code   RO          976    i.vTaskMissedYield  tasks.o
    0x08002674   0x08002674   0x00000020   Code   RO          978    i.vTaskPlaceOnEventList  tasks.o
    0x08002694   0x08002694   0x000000b0   Code   RO          980    i.vTaskPriorityInherit  tasks.o
    0x08002744   0x08002744   0x00000078   Code   RO          982    i.vTaskResume       tasks.o
    0x080027bc   0x080027bc   0x00000018   Code   RO          983    i.vTaskSetTimeOutState  tasks.o
    0x080027d4   0x080027d4   0x00000064   Code   RO          984    i.vTaskStartScheduler  tasks.o
    0x08002838   0x08002838   0x000000bc   Code   RO          985    i.vTaskSuspend      tasks.o
    0x080028f4   0x080028f4   0x00000010   Code   RO          986    i.vTaskSuspendAll   tasks.o
    0x08002904   0x08002904   0x00000060   Code   RO          987    i.vTaskSwitchContext  tasks.o
    0x08002964   0x08002964   0x00000048   Code   RO          759    i.xPortStartScheduler  port.o
    0x080029ac   0x080029ac   0x00000038   Code   RO          834    i.xQueueGenericCreate  queue.o
    0x080029e4   0x080029e4   0x0000015c   Code   RO          835    i.xQueueGenericReceive  queue.o
    0x08002b40   0x08002b40   0x00000080   Code   RO          836    i.xQueueGenericReset  queue.o
    0x08002bc0   0x08002bc0   0x00000118   Code   RO          837    i.xQueueGenericSend  queue.o
    0x08002cd8   0x08002cd8   0x00000078   Code   RO          839    i.xQueueGiveFromISR  queue.o
    0x08002d50   0x08002d50   0x0000005c   Code   RO          988    i.xTaskCheckForTimeOut  tasks.o
    0x08002dac   0x08002dac   0x00000060   Code   RO          989    i.xTaskCreate       tasks.o
    0x08002e0c   0x08002e0c   0x0000000c   Code   RO          993    i.xTaskGetTickCount  tasks.o
    0x08002e18   0x08002e18   0x0000011c   Code   RO          995    i.xTaskIncrementTick  tasks.o
    0x08002f34   0x08002f34   0x00000084   Code   RO          998    i.xTaskPriorityDisinherit  tasks.o
    0x08002fb8   0x08002fb8   0x00000080   Code   RO          999    i.xTaskRemoveFromEventList  tasks.o
    0x08003038   0x08003038   0x000000e8   Code   RO         1001    i.xTaskResumeAll    tasks.o
    0x08003120   0x08003120   0x0000000a   Code   RO         1355    x$fpl$fpinit        fz_wm.l(fpinit.o)
    0x0800312a   0x0800312a   0x00000002   PAD
    0x0800312c   0x0800312c   0x000000d8   Data   RO          365    .constdata          io.o
    0x08003204   0x08003204   0x00000020   Data   RO         1423    Region$$Table       anon$$obj.o


    Execution Region ER_RW (Exec base: 0x20000000, Load base: 0x08003224, Size: 0x000000f4, Max: 0xffffffff, ABSOLUTE)

    Exec Addr    Load Addr    Size         Type   Attr      Idx    E Section Name        Object

    0x20000000   0x08003224   0x00000084   Data   RW           75    .data               main.o
    0x20000084   0x080032a8   0x00000025   Data   RW          417    .data               stepmotor.o
    0x200000a9   0x080032cd   0x00000003   PAD
    0x200000ac   0x080032d0   0x00000008   Data   RW          687    .data               heap_1.o
    0x200000b4   0x080032d8   0x00000004   Data   RW          760    .data               port.o
    0x200000b8   0x080032dc   0x0000003c   Data   RW         1004    .data               tasks.o


    Execution Region ER_ZI (Exec base: 0x200000f4, Load base: 0x08003318, Size: 0x00004b34, Max: 0xffffffff, ABSOLUTE)

    Exec Addr    Load Addr    Size         Type   Attr      Idx    E Section Name        Object

    0x200000f4        -       0x0000000c   Zero   RW           74    .bss                main.o
    0x20000100        -       0x00004400   Zero   RW          686    .bss                heap_1.o
    0x20004500        -       0x000000c8   Zero   RW         1003    .bss                tasks.o
    0x200045c8        -       0x00000060   Zero   RW         1297    .bss                c_w.l(libspace.o)
    0x20004628        -       0x00000200   Zero   RW          569    HEAP                startup_stm32f303xc.o
    0x20004828        -       0x00000400   Zero   RW          568    STACK               startup_stm32f303xc.o


==============================================================================

Image component sizes


      Code (inc. data)   RO Data    RW Data    ZI Data      Debug   Object Name

       104         14          0          0          0       1376   crc.o
         0          0          0          0          0       9256   event_groups.o
       114         14          0          8      17408       1911   heap_1.o
       728         22        216          0          0       2870   io.o
        72         22          0          0          0     288303   led.o
       148          0          0          0          0       3242   list.o
      2276        346          0        132         12      51046   main.o
       460         58          0          4          0       9308   port.o
      1318         16          0          0          0      10566   queue.o
        64         26        392          0       1536        840   startup_stm32f303xc.o
      2616        268          0         37          0       9831   stepmotor.o
       324         28          0          0          0       1501   system_stm32f30x.o
      2672        400          0         60        200      29227   tasks.o
       400         28          0          0          0       1600   timer.o
       324         18          0          0          0      29844   usart.o
        32          0          0          0          0       1378   utils.o

    ----------------------------------------------------------------------
     11664       1260        640        244      19156     452099   Object Totals
         0          0         32          0          0          0   (incl. Generated)
        12          0          0          3          0          0   (incl. Padding)

    ----------------------------------------------------------------------

      Code (inc. data)   RO Data    RW Data    ZI Data      Debug   Library Member Name

         8          0          0          0          0         68   __main.o
         0          0          0          0          0          0   __rtentry.o
        12          0          0          0          0          0   __rtentry2.o
         6          0          0          0          0          0   __rtentry4.o
        52          8          0          0          0          0   __scatter.o
        26          0          0          0          0          0   __scatter_copy.o
        28          0          0          0          0          0   __scatter_zi.o
        18          0          0          0          0         80   exit.o
         6          0          0          0          0        152   heapauxi.o
         0          0          0          0          0          0   indicate_semi.o
         2          0          0          0          0          0   libinit.o
         6          0          0          0          0          0   libinit2.o
         2          0          0          0          0          0   libshutdown.o
         2          0          0          0          0          0   libshutdown2.o
         8          4          0          0         96         68   libspace.o
       138          0          0          0          0         68   rt_memcpy_v6.o
       100          0          0          0          0         80   rt_memcpy_w.o
         2          0          0          0          0          0   rtexit.o
        10          0          0          0          0          0   rtexit2.o
        12          4          0          0          0         68   sys_exit.o
        74          0          0          0          0         80   sys_stackheap_outer.o
         2          0          0          0          0         68   use_no_semi.o
        10          0          0          0          0        116   fpinit.o

    ----------------------------------------------------------------------
       532         16          0          0         96        848   Library Totals
         8          0          0          0          0          0   (incl. Padding)

    ----------------------------------------------------------------------

      Code (inc. data)   RO Data    RW Data    ZI Data      Debug   Library Name

       514         16          0          0         96        732   c_w.l
        10          0          0          0          0        116   fz_wm.l

    ----------------------------------------------------------------------
       532         16          0          0         96        848   Library Totals

    ----------------------------------------------------------------------

==============================================================================


      Code (inc. data)   RO Data    RW Data    ZI Data      Debug   

     12196       1276        640        244      19252     443687   Grand Totals
     12196       1276        640        244      19252     443687   ELF Image Totals
     12196       1276        640        244          0          0   ROM Totals

==============================================================================

    Total RO  Size (Code + RO Data)                12836 (  12.54kB)
    Total RW  Size (RW Data + ZI Data)             19496 (  19.04kB)
    Total ROM Size (Code + RO Data + RW Data)      13080 (  12.77kB)

==============================================================================

